18:58:09 | INFO: Data are loaded, start creating Blender stuff
18:58:09 | INFO: Blender create Mesh node Continuous pressure fuselage
18:58:09 | INFO: glTF import finished in 0.05s
Blender 4.5.13 LTS (hash daeeeca98fb0 built 2026-08-25 01:50:50)
Read blend: "D:\vibe-coding-e\nova-swarm-forum-129-improvements-20260822\docs\sparrow-showcase\nova-sparrow-showcase.blend"
Fra:1 Mem:24.14M (Peak 24.14M) | Time:00:00.08 | Mem:0.00M, Peak:0.00M | Scene, ViewLayer | Synchronizing object | Neutral large key
Fra:1 Mem:24.14M (Peak 24.14M) | Time:00:00.08 | Mem:0.00M, Peak:0.00M | Scene, ViewLayer | Synchronizing object | Neutral broad fill
Fra:1 Mem:24.14M (Peak 24.14M) | Time:00:00.08 | Mem:0.00M, Peak:0.00M | Scene, ViewLayer | Synchronizing object | NovaSparrowV2
Fra:1 Mem:28.66M (Peak 28.66M) | Time:00:00.08 | Mem:0.00M, Peak:0.00M | Scene, ViewLayer | Initializing
Fra:1 Mem:28.65M (Peak 28.66M) | Time:00:00.08 | Mem:0.00M, Peak:0.00M | Scene, ViewLayer | Updating Images | Loading cobalt-basecolor.001
Fra:1 Mem:28.65M (Peak 28.66M) | Time:00:00.08 | Mem:0.00M, Peak:0.00M | Scene, ViewLayer | Updating Images | Loading panel-normal
Fra:1 Mem:44.16M (Peak 56.68M) | Time:00:00.12 | Mem:16.00M, Peak:16.00M | Scene, ViewLayer | Waiting for render to start
Fra:1 Mem:44.16M (Peak 56.68M) | Time:00:00.12 | Mem:16.00M, Peak:16.00M | Scene, ViewLayer | Updating Scene
Fra:1 Mem:44.16M (Peak 56.68M) | Time:00:00.12 | Mem:16.00M, Peak:16.00M | Scene, ViewLayer | Updating Shaders
Fra:1 Mem:44.16M (Peak 56.68M) | Time:00:00.12 | Mem:16.00M, Peak:16.00M | Scene, ViewLayer | Loading render kernels (may take a few minutes the first time)
Fra:1 Mem:44.24M (Peak 56.68M) | Time:00:00.17 | Mem:16.00M, Peak:16.00M | Scene, ViewLayer | Updating Procedurals
Fra:1 Mem:44.24M (Peak 56.68M) | Time:00:00.17 | Mem:16.00M, Peak:16.00M | Scene, ViewLayer | Updating Background
Fra:1 Mem:44.24M (Peak 56.68M) | Time:00:00.17 | Mem:16.00M, Peak:16.00M | Scene, ViewLayer | Updating Camera
Fra:1 Mem:44.24M (Peak 56.68M) | Time:00:00.17 | Mem:16.00M, Peak:16.00M | Scene, ViewLayer | Updating Meshes Flags
Fra:1 Mem:44.24M (Peak 56.68M) | Time:00:00.17 | Mem:16.00M, Peak:16.00M | Scene, ViewLayer | Updating Objects
Fra:1 Mem:44.24M (Peak 56.68M) | Time:00:00.17 | Mem:16.00M, Peak:16.00M | Scene, ViewLayer | Updating Objects | Copying Transformations to device
Fra:1 Mem:44.24M (Peak 56.68M) | Time:00:00.17 | Mem:16.00M, Peak:16.00M | Scene, ViewLayer | Updating Particle Systems
Fra:1 Mem:44.24M (Peak 56.68M) | Time:00:00.17 | Mem:16.00M, Peak:16.00M | Scene, ViewLayer | Updating Particle Systems | Copying Particles to device
Fra:1 Mem:44.24M (Peak 56.68M) | Time:00:00.17 | Mem:16.00M, Peak:16.00M | Scene, ViewLayer | Updating Meshes
Fra:1 Mem:44.24M (Peak 56.68M) | Time:00:00.17 | Mem:16.00M, Peak:16.00M | Scene, ViewLayer | Updating Objects | Applying Static Transformations
Fra:1 Mem:44.24M (Peak 56.68M) | Time:00:00.17 | Mem:16.00M, Peak:16.00M | Scene, ViewLayer | Updating Mesh | Computing attributes
Fra:1 Mem:44.48M (Peak 56.68M) | Time:00:00.17 | Mem:16.00M, Peak:16.00M | Scene, ViewLayer | Updating Mesh | Copying Attributes to device
Fra:1 Mem:44.48M (Peak 56.68M) | Time:00:00.18 | Mem:16.24M, Peak:16.24M | Scene, ViewLayer | Updating Scene BVH | Building
Fra:1 Mem:44.48M (Peak 56.68M) | Time:00:00.21 | Mem:16.24M, Peak:16.24M | Scene, ViewLayer | Updating Scene BVH | Building BVH
Fra:1 Mem:44.48M (Peak 56.68M) | Time:00:00.33 | Mem:16.97M, Peak:16.97M | Scene, ViewLayer | Updating Scene BVH | Building BVH 0%
Fra:1 Mem:44.48M (Peak 56.68M) | Time:00:00.36 | Mem:17.76M, Peak:18.49M | Scene, ViewLayer | Updating Scene BVH | Copying BVH to device
Fra:1 Mem:44.48M (Peak 56.68M) | Time:00:00.36 | Mem:17.76M, Peak:18.49M | Scene, ViewLayer | Updating Mesh | Computing normals
Fra:1 Mem:45.32M (Peak 56.68M) | Time:00:00.36 | Mem:17.76M, Peak:18.49M | Scene, ViewLayer | Updating Mesh | Copying Mesh to device
Fra:1 Mem:45.32M (Peak 56.68M) | Time:00:00.36 | Mem:18.60M, Peak:18.60M | Scene, ViewLayer | Updating Objects Flags
Fra:1 Mem:45.32M (Peak 56.68M) | Time:00:00.36 | Mem:18.60M, Peak:18.60M | Scene, ViewLayer | Updating Primitive Offsets
Fra:1 Mem:45.32M (Peak 56.68M) | Time:00:00.36 | Mem:18.60M, Peak:18.60M | Scene, ViewLayer | Updating Images
Fra:1 Mem:45.32M (Peak 56.68M) | Time:00:00.36 | Mem:18.60M, Peak:18.60M | Scene, ViewLayer | Updating Camera Volume
Fra:1 Mem:45.32M (Peak 56.68M) | Time:00:00.36 | Mem:18.60M, Peak:18.60M | Scene, ViewLayer | Updating Lookup Tables
Fra:1 Mem:45.32M (Peak 56.68M) | Time:00:00.36 | Mem:18.68M, Peak:18.68M | Scene, ViewLayer | Updating Lights
Fra:1 Mem:45.32M (Peak 56.68M) | Time:00:00.36 | Mem:18.68M, Peak:18.68M | Scene, ViewLayer | Updating Lights | Computing tree
Fra:1 Mem:45.32M (Peak 56.68M) | Time:00:00.36 | Mem:18.68M, Peak:18.68M | Scene, ViewLayer | Updating Integrator
Fra:1 Mem:45.32M (Peak 56.68M) | Time:00:00.36 | Mem:18.68M, Peak:18.68M | Scene, ViewLayer | Updating Film
Fra:1 Mem:45.32M (Peak 56.68M) | Time:00:00.36 | Mem:18.60M, Peak:18.68M | Scene, ViewLayer | Updating Lookup Tables
Fra:1 Mem:45.32M (Peak 56.68M) | Time:00:00.36 | Mem:18.68M, Peak:18.68M | Scene, ViewLayer | Updating Baking
Fra:1 Mem:45.32M (Peak 56.68M) | Time:00:00.36 | Mem:18.68M, Peak:18.68M | Scene, ViewLayer | Updating Device | Writing constant memory
Fra:1 Mem:45.32M (Peak 56.68M) | Time:00:00.36 | Mem:18.68M, Peak:18.68M | Scene, ViewLayer | Loading denoising kernels (may take a few minutes the first time)
Fra:1 Mem:45.32M (Peak 56.68M) | Time:00:00.36 | Mem:18.68M, Peak:18.68M | Scene, ViewLayer | Sample 0/48
Fra:1 Mem:158.17M (Peak 158.17M) | Time:00:00.78 | Remaining:00:19.55 | Mem:131.42M, Peak:131.42M | Scene, ViewLayer | Sample 1/48
Fra:1 Mem:205.64M (Peak 276.83M) | Time:00:15.71 | Mem:131.42M, Peak:131.42M | Scene, ViewLayer | Sample 48/48
Fra:1 Mem:205.64M (Peak 276.83M) | Time:00:15.71 | Mem:131.42M, Peak:131.42M | Scene, ViewLayer | Finished
Saved: 'D:\vibe-coding-e\nova-swarm-forum-129-improvements-20260822\docs\sparrow-showcase\renders\before-clay.png'
Time: 00:16.18 (Saving: 00:00.45)


Blender quit
