{
  "videoMode": false,
  "gpu": "ANGLE (NVIDIA, NVIDIA GeForce RTX 2060 (0x00001F08) Direct3D11 vs_5_0 ps_5_0, D3D11)",
  "coldReadyMs": 6960,
  "rows": [
    {
      "scene": "menu",
      "drag": {
        "yaw": 1.2000000000000002,
        "pitch": 0.31499999999999995
      },
      "canvasPixels": 1536,
      "frameMs": {
        "samples": 872,
        "mean": 16.667087155963305,
        "p95": 16.80000000000109,
        "max": 17.399999999997817
      },
      "renderAndCopyMs": {
        "samples": 871,
        "mean": 0.8453501722723006,
        "p95": 1.1999999955296516,
        "max": 2
      },
      "resources": {
        "resident": 1,
        "geometries": 11,
        "textures": 10,
        "calls": 22,
        "triangles": 663752
      }
    },
    {
      "scene": "hangar",
      "drag": {
        "yaw": 1.2,
        "pitch": 0.31499999999999995
      },
      "canvasPixels": 768,
      "frameMs": {
        "samples": 871,
        "mean": 16.667049368541903,
        "p95": 16.899999999997817,
        "max": 17.299999999995634
      },
      "renderAndCopyMs": {
        "samples": 870,
        "mean": 0.7120689654572941,
        "p95": 1,
        "max": 1.8999999985098839
      },
      "resources": {
        "resident": 1,
        "geometries": 11,
        "textures": 10,
        "calls": 22,
        "triangles": 663752
      }
    }
  ],
  "cycles": 12,
  "errors": [],
  "warnings": []
}
