{
  "videoMode": true,
  "gpu": "ANGLE (NVIDIA, NVIDIA GeForce RTX 2060 (0x00001F08) Direct3D11 vs_5_0 ps_5_0, D3D11)",
  "coldReadyMs": 10665,
  "rows": [
    {
      "scene": "menu",
      "drag": {
        "yaw": 1.2000000000000002,
        "pitch": 0.3149997253417968
      },
      "canvasPixels": 1536,
      "frameMs": {
        "samples": 871,
        "mean": 16.66716417910448,
        "p95": 16.799999999999272,
        "max": 17
      },
      "renderAndCopyMs": {
        "samples": 870,
        "mean": 1.214597701212798,
        "p95": 1.9000000059604645,
        "max": 3.600000001490116
      },
      "resources": {
        "resident": 1,
        "geometries": 11,
        "textures": 10,
        "calls": 22,
        "triangles": 663752
      }
    },
    {
      "scene": "hangar",
      "drag": {
        "yaw": 1.2,
        "pitch": 0.31499999999999995
      },
      "canvasPixels": 768,
      "frameMs": {
        "samples": 871,
        "mean": 16.667278989667047,
        "p95": 16.80000000000291,
        "max": 17.099999999998545
      },
      "renderAndCopyMs": {
        "samples": 870,
        "mean": 1.1363218391592476,
        "p95": 1.7000000029802322,
        "max": 3.7000000029802322
      },
      "resources": {
        "resident": 1,
        "geometries": 11,
        "textures": 10,
        "calls": 22,
        "triangles": 663752
      }
    }
  ],
  "cycles": 12,
  "errors": [],
  "warnings": []
}
