CAPTURED after 01 NOVA SPARROW
CAPTURED after 02 COMET COURIER
CAPTURED after 03 PIXEL NEEDLE
CAPTURED after 04 MINT SKATER
CAPTURED after 05 CRIMSON BITE
CAPTURED after 06 IRON ORBIT
CAPTURED after 07 QUASAR FAN
CAPTURED after 08 GLACIER SCOPE
CAPTURED after 09 ARC STRIKER
CAPTURED after 10 SOLAR HAMMER
CAPTURED after 11 CIRCUIT TAP
CAPTURED after 12 VIOLET FEINT
CAPTURED after 13 AURIC CORE
CAPTURED after 14 PLASMA SKATE
CAPTURED after 15 RUBY SPIKE
CAPTURED after 16 SPECTRAL SLIP
CAPTURED after 17 COBALT GUARD
CAPTURED after 18 EMBER BURST
CAPTURED after 19 NEON STUTTER
CAPTURED after 20 QUARTZ NEEDLE
CAPTURED after 21 CHROME RAIL
CAPTURED after 22 VERDANT FLOW
CAPTURED after 23 HAZARD RAM
CAPTURED after 24 NOVA OVERDRIVE
CAPTURED after 25 ARCADE LEGEND
CAPTURED after 26 PHASE SERAPH
CAPTURED after 27 EIRIK THE VIKING
CAPTURED after 28 AEGIS COMET
CAPTURED after 29 RAILBREAKER
CAPTURED after 30 DRONE SOVEREIGN
