CAPTURED_ACTIVE_COMBAT 01 10
CAPTURED_ACTIVE_COMBAT 02 9
CAPTURED_ACTIVE_COMBAT 03 10
CAPTURED_ACTIVE_COMBAT 04 10
CAPTURED_ACTIVE_COMBAT 05 10
CAPTURED_ACTIVE_COMBAT 06 9
CAPTURED_ACTIVE_COMBAT 07 9
CAPTURED_ACTIVE_COMBAT 08 9
CAPTURED_ACTIVE_COMBAT 09 9
CAPTURED_ACTIVE_COMBAT 10 10
CAPTURED_ACTIVE_COMBAT 11 9
CAPTURED_ACTIVE_COMBAT 12 9
CAPTURED_ACTIVE_COMBAT 13 9
CAPTURED_ACTIVE_COMBAT 14 10
CAPTURED_ACTIVE_COMBAT 15 10
CAPTURED_ACTIVE_COMBAT 16 10
CAPTURED_ACTIVE_COMBAT 17 9
CAPTURED_ACTIVE_COMBAT 18 9
CAPTURED_ACTIVE_COMBAT 19 10
CAPTURED_ACTIVE_COMBAT 20 10
CAPTURED_ACTIVE_COMBAT 21 10
CAPTURED_ACTIVE_COMBAT 22 10
CAPTURED_ACTIVE_COMBAT 23 9
CAPTURED_ACTIVE_COMBAT 24 9
CAPTURED_ACTIVE_COMBAT 25 10
CAPTURED_ACTIVE_COMBAT 26 9
CAPTURED_ACTIVE_COMBAT 27 9
CAPTURED_ACTIVE_COMBAT 28 9
CAPTURED_ACTIVE_COMBAT 29 10
CAPTURED_ACTIVE_COMBAT 30 9
