INSTALLED 02 1729664 19988
INSTALLED 03 1667036 19344
INSTALLED 04 1634588 18488
INSTALLED 05 1681744 19504
INSTALLED 06 1809476 20408
INSTALLED 07 1653280 19352
INSTALLED 08 1675460 19432
INSTALLED 09 1659128 19412
INSTALLED 10 1686196 19520
INSTALLED 11 1674936 19492
INSTALLED 12 1630816 18488
INSTALLED 13 1679188 19504
INSTALLED 14 1653132 19352
INSTALLED 15 1665368 19344
INSTALLED 16 1635348 18488
INSTALLED 17 1676076 19472
INSTALLED 18 1833380 22952
INSTALLED 19 1664316 19352
INSTALLED 20 1687836 19568
INSTALLED 21 1687632 19568
INSTALLED 22 1664488 19352
INSTALLED 23 1686664 19536
INSTALLED 24 1672444 19472
INSTALLED 25 1706996 20336
INSTALLED 26 1756304 19776
INSTALLED 27 1716720 19436
INSTALLED 28 1817344 20520
INSTALLED 29 1716956 20476
INSTALLED 30 1829028 23200
