INSTALLED 02 1729664 19988
INSTALLED 03 1711452 19344
INSTALLED 04 1634836 18488
INSTALLED 05 1683984 19504
INSTALLED 06 1808884 20408
INSTALLED 07 1654208 19352
INSTALLED 08 1673228 19432
INSTALLED 09 1660608 19412
INSTALLED 10 1686508 19520
INSTALLED 11 1678016 19492
INSTALLED 12 1631088 18488
INSTALLED 13 1675308 19504
INSTALLED 14 1653460 19352
INSTALLED 15 1666000 19344
INSTALLED 16 1634548 18488
INSTALLED 17 1678620 19472
INSTALLED 18 1830716 22952
INSTALLED 19 1667612 19352
INSTALLED 20 1684260 19568
INSTALLED 21 1687208 19568
INSTALLED 22 1667328 19352
INSTALLED 23 1683352 19536
INSTALLED 24 1677548 19472
INSTALLED 25 1708052 20336
INSTALLED 26 1752640 19776
INSTALLED 27 1668056 19436
INSTALLED 28 1817848 20520
INSTALLED 29 1764668 20476
INSTALLED 30 1831604 23200
