INSTALLED 04 1657300 18960
INSTALLED 05 1707124 19976
INSTALLED 06 1830992 20880
INSTALLED 07 1677228 19824
INSTALLED 08 1695984 19904
INSTALLED 09 1683672 19884
INSTALLED 10 1709552 19992
INSTALLED 11 1700192 19964
INSTALLED 12 1654156 18960
INSTALLED 13 1698396 19976
INSTALLED 14 1675976 19824
INSTALLED 15 1688444 19816
INSTALLED 16 1653536 18896
INSTALLED 17 1700820 19944
INSTALLED 18 1853564 23424
INSTALLED 19 1689888 19824
INSTALLED 20 1703652 19976
INSTALLED 21 1709532 20040
INSTALLED 22 1690564 19824
INSTALLED 23 1705912 20008
INSTALLED 24 1700636 19944
INSTALLED 25 1731168 20808
INSTALLED 26 1775488 20248
INSTALLED 27 1690836 19908
INSTALLED 28 1841440 20992
INSTALLED 29 1787492 20948
INSTALLED 30 1855004 23672
