
> nova-swarm@1.0.0 package:steam:win:current
> npm run check:release-line && npm run check:steam-sdk-ready && electron-builder --win dir --x64 --config electron-builder.json && npm run stage:steam-native-runtime && npm run check:steam-package-runtime


> nova-swarm@1.0.0 check:release-line
> node scripts/check-release-line.mjs

[release-line] PASS latest localization, achievements, Steam Cloud, fullscreen, and marketing hotkey markers present

> nova-swarm@1.0.0 check:steam-sdk-ready
> node scripts/check-steam-sdk-ready.mjs

[steam-sdk-ready] PASS sdk=steam_sdk\sdk steamworks-ffi-node installed report=D:\vibe-coding-e\nova-swarm-forum-129-improvements-20260822\test-results\steam-sdk-ready-2026-09-09T15-29-57-055Z\report.json
  • electron-builder  version=26.8.1 os=10.0.26220
  • loaded configuration  file=D:\vibe-coding-e\nova-swarm-forum-129-improvements-20260822\electron-builder.json
  • executing @electron/rebuild  electronVersion=42.1.0 arch=x64 buildFromSource=false workspaceRoot=D:\vibe-coding-e\nova-swarm-forum-129-improvements-20260822 projectDir=./ appDir=./
  • installing native dependencies  arch=x64
  • completed installing native dependencies
  • packaging       platform=win32 arch=x64 electron=42.1.0 appOutDir=release\desktop\win-unpacked
  • searching for node modules  pm=npm searchDir=D:\vibe-coding-e\nova-swarm-forum-129-improvements-20260822
(node:25932) [DEP0190] DeprecationWarning: Passing args to a child process with shell option true can lead to security vulnerabilities, as the arguments are not escaped, only concatenated.
(Use `node --trace-deprecation ...` to show where the warning was created)
  • updating asar integrity executable resource  executablePath=release\desktop\win-unpacked\Nova Swarm.exe
  • signing with signtool.exe  path=release\desktop\win-unpacked\Nova Swarm.exe

> nova-swarm@1.0.0 stage:steam-native-runtime
> node scripts/stage-steam-native-runtime.mjs


-------------------------------------------------------------------------------
   ROBOCOPY     ::     Robust File Copy for Windows
-------------------------------------------------------------------------------

  Started : onsdag 9. september 2026 17:45:11
   Source : D:\vibe-coding-e\nova-swarm-forum-129-improvements-20260822\node_modules\steamworks-ffi-node\
     Dest : D:\vibe-coding-e\nova-swarm-forum-129-improvements-20260822\release\desktop\win-unpacked\resources\app.asar.unpacked\node_modules\steamworks-ffi-node\

    Files : *.*

  Options : *.* /NDL /NFL /S /E /DCOPY:DAT /COPY:DAT /NP /XJ /MT:8 /R:1 /W:1

------------------------------------------------------------------------------


------------------------------------------------------------------------------

               Total    Copied   Skipped  Mismatch    FAILED    Extras
    Dirs :        14        14         1         0         0         0
   Files :       205       205         0         0         0         0
   Bytes :    2.61 m    2.61 m         0         0         0         0
   Times :   0:00:09   0:00:00                       0:00:00   0:00:00


   Speed :           2 830 944 Bytes/sec.
   Speed :             161,988 MegaBytes/min.
   Ended : onsdag 9. september 2026 17:45:13


-------------------------------------------------------------------------------
   ROBOCOPY     ::     Robust File Copy for Windows
-------------------------------------------------------------------------------

  Started : onsdag 9. september 2026 17:45:13
   Source : D:\vibe-coding-e\nova-swarm-forum-129-improvements-20260822\node_modules\koffi\
     Dest : D:\vibe-coding-e\nova-swarm-forum-129-improvements-20260822\release\desktop\win-unpacked\resources\app.asar.unpacked\node_modules\koffi\

    Files : *.*

  Options : *.* /NDL /NFL /S /E /DCOPY:DAT /COPY:DAT /NP /XJ /MT:8 /R:1 /W:1

------------------------------------------------------------------------------


------------------------------------------------------------------------------

               Total    Copied   Skipped  Mismatch    FAILED    Extras
    Dirs :        38        38         1         0         0         0
   Files :       127       127         0         0         0         0
   Bytes :   27.34 m   27.34 m         0         0         0         0
   Times :   0:00:22   0:00:02                       0:00:00   0:00:00


   Speed :           11 591 041 Bytes/sec.
   Speed :              663,245 MegaBytes/min.
   Ended : onsdag 9. september 2026 17:45:16

[stage-steam-native-runtime] PASS package=release/desktop/win-unpacked modules=steamworks-ffi-node,koffi sdk=steam_sdk

> nova-swarm@1.0.0 check:steam-package-runtime
> node scripts/check-steam-package-runtime.mjs

[steam-package-runtime] PASS app=4765070 leaderboard=nova_swarm_global_score_v2 report=test-results/steam-package-runtime-2026-09-09T15-45-16-933Z/report.json
