VERIFIED_ROTATION 01
VERIFIED_ROTATION 02
VERIFIED_ROTATION 03
VERIFIED_ROTATION 04
VERIFIED_ROTATION 05
VERIFIED_ROTATION 06
VERIFIED_ROTATION 07
VERIFIED_ROTATION 08
VERIFIED_ROTATION 09
VERIFIED_ROTATION 10
VERIFIED_ROTATION 11
VERIFIED_ROTATION 12
VERIFIED_ROTATION 13
VERIFIED_ROTATION 14
VERIFIED_ROTATION 15
VERIFIED_ROTATION 16
VERIFIED_ROTATION 17
VERIFIED_ROTATION 18
VERIFIED_ROTATION 19
VERIFIED_ROTATION 20
VERIFIED_ROTATION 21
VERIFIED_ROTATION 22
VERIFIED_ROTATION 23
VERIFIED_ROTATION 24
VERIFIED_ROTATION 25
VERIFIED_ROTATION 26
VERIFIED_ROTATION 27
VERIFIED_ROTATION 28
VERIFIED_ROTATION 29
VERIFIED_ROTATION 30
