ffmpeg version N-123074-g4e32fb4c2a-20260228 Copyright (c) 2000-2026 the FFmpeg developers
  built with gcc 15.2.0 (crosstool-NG 1.28.0.1_403899e)
  configuration: --prefix=/ffbuild/prefix --pkg-config-flags=--static --pkg-config=pkg-config --cross-prefix=x86_64-w64-mingw32- --arch=x86_64 --target-os=mingw32 --enable-gpl --enable-version3 --disable-debug --disable-w32threads --enable-pthreads --enable-iconv --enable-zlib --enable-libxml2 --enable-libvmaf --enable-fontconfig --enable-libharfbuzz --enable-libfreetype --enable-libfribidi --enable-vulkan --enable-libshaderc --enable-libvorbis --disable-libxcb --disable-xlib --disable-libpulse --enable-opencl --enable-gmp --enable-lzma --enable-liblcevc-dec --enable-amf --enable-libaom --enable-libaribb24 --enable-avisynth --enable-chromaprint --enable-libdav1d --enable-libdavs2 --enable-libdvdread --enable-libdvdnav --disable-libfdk-aac --enable-ffnvcodec --enable-cuda-llvm --enable-frei0r --enable-libgme --enable-libkvazaar --enable-libaribcaption --enable-libass --enable-libbluray --enable-libjxl --enable-libmp3lame --enable-libopus --enable-libplacebo --enable-librist --enable-libssh --enable-libtheora --enable-libvpx --enable-libwebp --enable-libzmq --enable-lv2 --enable-libvpl --enable-openal --enable-liboapv --enable-libopencore-amrnb --enable-libopencore-amrwb --enable-libopenh264 --enable-libopenjpeg --enable-libopenmpt --enable-librav1e --enable-librubberband --enable-schannel --enable-sdl2 --enable-libsnappy --enable-libsoxr --enable-libsrt --enable-libsvtav1 --enable-libtwolame --enable-libuavs3d --disable-libdrm --enable-vaapi --enable-libvidstab --enable-libvvenc --enable-whisper --enable-libx264 --enable-libx265 --enable-libxavs2 --enable-libxvid --enable-libzimg --enable-libzvbi --extra-cflags=-DLIBTWOLAME_STATIC --extra-cxxflags= --extra-libs=-lgomp --extra-ldflags=-pthread --extra-ldexeflags= --cc=x86_64-w64-mingw32-gcc --cxx=x86_64-w64-mingw32-g++ --ar=x86_64-w64-mingw32-gcc-ar --ranlib=x86_64-w64-mingw32-gcc-ranlib --nm=x86_64-w64-mingw32-gcc-nm --extra-version=20260228
  libavutil      60. 25.100 / 60. 25.100
  libavcodec     62. 23.103 / 62. 23.103
  libavformat    62. 10.101 / 62. 10.101
  libavdevice    62.  2.100 / 62.  2.100
  libavfilter    11. 12.100 / 11. 12.100
  libswscale      9.  4.100 /  9.  4.100
  libswresample   6.  2.100 /  6.  2.100
Input #0, matroska,webm, from 'output/playwright/fleet-art-v2/fleet-rotation.webm':
  Metadata:
    ENCODER         : Lavf61.1.100
  Duration: 00:07:39.00, start: 0.000000, bitrate: 991 kb/s
  Stream #0:0: Video: vp8, yuv420p(progressive), 1920x1080, SAR 1:1 DAR 16:9, 25 fps, 25 tbr, 1k tbn
    Metadata:
      ENCODER         : Lavc61.3.100 libvpx
      DURATION        : 00:07:39.000000000
Stream mapping:
  Stream #0:0 -> #0:0 (vp8 (native) -> h264 (libx264))
Press [q] to stop, [?] for help
[libx264 @ 000001e8dae6fd00] using SAR=1/1
[libx264 @ 000001e8dae6fd00] using cpu capabilities: MMX2 SSE2Fast SSSE3 SSE4.2 AVX FMA3 BMI2 AVX2
[libx264 @ 000001e8dae6fd00] profile High, level 4.0, 4:2:0, 8-bit
[libx264 @ 000001e8dae6fd00] 264 - core 165 - H.264/MPEG-4 AVC codec - Copyleft 2003-2025 - http://www.videolan.org/x264.html - options: cabac=1 ref=2 deblock=1:0:0 analyse=0x3:0x113 me=hex subme=6 psy=1 psy_rd=1.00:0.00 mixed_ref=1 me_range=16 chroma_me=1 trellis=1 8x8dct=1 cqm=0 deadzone=21,11 fast_pskip=1 chroma_qp_offset=-2 threads=18 lookahead_threads=3 sliced_threads=0 nr=0 decimate=1 interlaced=0 bluray_compat=0 constrained_intra=0 bframes=3 b_pyramid=2 b_adapt=1 b_bias=0 direct=1 weightb=1 open_gop=0 weightp=1 keyint=250 keyint_min=25 scenecut=40 intra_refresh=0 rc_lookahead=30 rc=crf mbtree=1 crf=23.0 qcomp=0.60 qpmin=0 qpmax=69 qpstep=4 ip_ratio=1.40 aq=1:1.00
Output #0, mp4, to 'docs/fleet-art-v2/evidence/rotation/fleet-rotation.mp4':
  Metadata:
    encoder         : Lavf62.10.101
  Stream #0:0: Video: h264 (avc1 / 0x31637661), yuv420p(tv, bt470bg/unknown/unknown, progressive), 1920x1080 [SAR 1:1 DAR 16:9], q=2-31, 25 fps, 12800 tbn
    Metadata:
      encoder         : Lavc62.23.103 libx264
      DURATION        : 00:07:39.000000000
    Side data:
      CPB properties: bitrate max/min/avg: 0/0/0 buffer size: 0 vbv_delay: N/A
frame=   25 fps=0.0 q=28.0 size=       0KiB time=00:00:00.92 bitrate=   0.4kbits/s speed=1.82x elapsed=0:00:00.50
frame=   83 fps= 81 q=28.0 size=       0KiB time=00:00:03.28 bitrate=   0.1kbits/s speed= 3.2x elapsed=0:00:01.02
frame=  125 fps= 81 q=28.0 size=       0KiB time=00:00:04.92 bitrate=   0.1kbits/s speed=3.19x elapsed=0:00:01.54
frame=  192 fps= 93 q=28.0 size=     256KiB time=00:00:07.60 bitrate= 276.0kbits/s speed=3.69x elapsed=0:00:02.05
frame=  268 fps=104 q=28.0 size=     256KiB time=00:00:10.64 bitrate= 197.1kbits/s speed=4.12x elapsed=0:00:02.58
frame=  346 fps=111 q=28.0 size=     512KiB time=00:00:13.76 bitrate= 304.8kbits/s speed=4.43x elapsed=0:00:03.10
frame=  414 fps=114 q=28.0 size=     512KiB time=00:00:16.48 bitrate= 254.5kbits/s speed=4.55x elapsed=0:00:03.61
frame=  501 fps=121 q=28.0 size=     768KiB time=00:00:19.96 bitrate= 315.2kbits/s speed=4.83x elapsed=0:00:04.13
frame=  571 fps=123 q=28.0 size=     768KiB time=00:00:22.76 bitrate= 276.4kbits/s speed=4.89x elapsed=0:00:04.65
frame=  618 fps=120 q=28.0 size=    1536KiB time=00:00:24.64 bitrate= 510.7kbits/s speed=4.77x elapsed=0:00:05.16
frame=  660 fps=116 q=28.0 size=    1792KiB time=00:00:26.64 bitrate= 551.1kbits/s speed=4.69x elapsed=0:00:05.67
frame=  706 fps=114 q=28.0 size=    2560KiB time=00:00:28.16 bitrate= 744.7kbits/s speed=4.55x elapsed=0:00:06.19
frame=  764 fps=114 q=28.0 size=    3072KiB time=00:00:30.48 bitrate= 825.7kbits/s speed=4.54x elapsed=0:00:06.71
frame=  812 fps=112 q=28.0 size=    3584KiB time=00:00:32.48 bitrate= 904.0kbits/s speed=4.49x elapsed=0:00:07.23
frame=  864 fps=112 q=28.0 size=    4352KiB time=00:00:34.48 bitrate=1034.0kbits/s speed=4.45x elapsed=0:00:07.74
frame=  912 fps=110 q=28.0 size=    4864KiB time=00:00:36.40 bitrate=1094.7kbits/s speed=4.41x elapsed=0:00:08.25
frame=  974 fps=111 q=28.0 size=    5376KiB time=00:00:38.88 bitrate=1132.7kbits/s speed=4.43x elapsed=0:00:08.77
frame= 1024 fps=110 q=28.0 size=    5888KiB time=00:00:40.88 bitrate=1179.9kbits/s speed= 4.4x elapsed=0:00:09.30
frame= 1075 fps=109 q=28.0 size=    6400KiB time=00:00:42.96 bitrate=1220.4kbits/s speed=4.37x elapsed=0:00:09.82
frame= 1121 fps=108 q=28.0 size=    7168KiB time=00:00:44.76 bitrate=1311.9kbits/s speed=4.33x elapsed=0:00:10.34
frame= 1165 fps=107 q=28.0 size=    7680KiB time=00:00:46.52 bitrate=1352.4kbits/s speed=4.28x elapsed=0:00:10.85
frame= 1218 fps=107 q=28.0 size=    8192KiB time=00:00:48.64 bitrate=1379.7kbits/s speed=4.28x elapsed=0:00:11.37
frame= 1278 fps=107 q=28.0 size=    8448KiB time=00:00:51.04 bitrate=1355.9kbits/s speed=4.29x elapsed=0:00:11.88
frame= 1319 fps=106 q=28.0 size=    9216KiB time=00:00:52.68 bitrate=1433.1kbits/s speed=4.25x elapsed=0:00:12.39
frame= 1377 fps=107 q=28.0 size=    9984KiB time=00:00:55.00 bitrate=1487.1kbits/s speed=4.26x elapsed=0:00:12.92
frame= 1425 fps=106 q=28.0 size=   10496KiB time=00:00:56.92 bitrate=1510.6kbits/s speed=4.23x elapsed=0:00:13.44
frame= 1488 fps=106 q=28.0 size=   11264KiB time=00:00:59.44 bitrate=1552.4kbits/s speed=4.25x elapsed=0:00:13.97
frame= 1543 fps=107 q=28.0 size=   11776KiB time=00:01:01.64 bitrate=1565.0kbits/s speed=4.26x elapsed=0:00:14.48
frame= 1603 fps=107 q=28.0 size=   12544KiB time=00:01:04.04 bitrate=1604.6kbits/s speed=4.27x elapsed=0:00:14.99
frame= 1651 fps=106 q=28.0 size=   13056KiB time=00:01:05.96 bitrate=1621.5kbits/s speed=4.25x elapsed=0:00:15.51
frame= 1701 fps=106 q=28.0 size=   13568KiB time=00:01:07.96 bitrate=1635.5kbits/s speed=4.24x elapsed=0:00:16.03
frame= 1758 fps=106 q=28.0 size=   14336KiB time=00:01:10.24 bitrate=1672.0kbits/s speed=4.24x elapsed=0:00:16.55
frame= 1803 fps=106 q=28.0 size=   14848KiB time=00:01:12.04 bitrate=1688.4kbits/s speed=4.22x elapsed=0:00:17.07
frame= 1866 fps=106 q=28.0 size=   15616KiB time=00:01:14.56 bitrate=1715.8kbits/s speed=4.24x elapsed=0:00:17.59
frame= 1917 fps=106 q=28.0 size=   16128KiB time=00:01:16.60 bitrate=1724.8kbits/s speed=4.23x elapsed=0:00:18.11
frame= 1971 fps=106 q=28.0 size=   16640KiB time=00:01:18.80 bitrate=1729.9kbits/s speed=4.23x elapsed=0:00:18.62
frame= 2024 fps=106 q=28.0 size=   17408KiB time=00:01:20.88 bitrate=1763.2kbits/s speed=4.23x elapsed=0:00:19.13
frame= 2065 fps=105 q=25.0 size=   18176KiB time=00:01:22.52 bitrate=1804.4kbits/s speed= 4.2x elapsed=0:00:19.65
frame= 2127 fps=105 q=28.0 size=   19200KiB time=00:01:25.00 bitrate=1850.4kbits/s speed=4.21x elapsed=0:00:20.16
frame= 2186 fps=106 q=28.0 size=   19968KiB time=00:01:27.36 bitrate=1872.5kbits/s speed=4.22x elapsed=0:00:20.69
frame= 2255 fps=106 q=28.0 size=   20480KiB time=00:01:30.12 bitrate=1861.7kbits/s speed=4.25x elapsed=0:00:21.20
frame= 2317 fps=107 q=28.0 size=   20992KiB time=00:01:32.60 bitrate=1857.1kbits/s speed=4.26x elapsed=0:00:21.72
frame= 2377 fps=107 q=28.0 size=   22016KiB time=00:01:35.00 bitrate=1898.5kbits/s speed=4.27x elapsed=0:00:22.23
frame= 2431 fps=107 q=28.0 size=   22784KiB time=00:01:37.16 bitrate=1921.0kbits/s speed=4.27x elapsed=0:00:22.74
frame= 2493 fps=107 q=28.0 size=   23552KiB time=00:01:39.64 bitrate=1936.4kbits/s speed=4.28x elapsed=0:00:23.30
frame= 2553 fps=107 q=28.0 size=   24320KiB time=00:01:42.04 bitrate=1952.5kbits/s speed=4.29x elapsed=0:00:23.81
frame= 2613 fps=107 q=28.0 size=   25088KiB time=00:01:44.44 bitrate=1967.8kbits/s speed=4.29x elapsed=0:00:24.32
frame= 2670 fps=107 q=28.0 size=   25600KiB time=00:01:46.72 bitrate=1965.1kbits/s speed= 4.3x elapsed=0:00:24.84
frame= 2728 fps=108 q=28.0 size=   26112KiB time=00:01:49.04 bitrate=1961.8kbits/s speed= 4.3x elapsed=0:00:25.35
frame= 2792 fps=108 q=28.0 size=   26880KiB time=00:01:51.64 bitrate=1972.4kbits/s speed=4.32x elapsed=0:00:25.86
frame= 2849 fps=108 q=28.0 size=   27648KiB time=00:01:53.88 bitrate=1988.9kbits/s speed=4.32x elapsed=0:00:26.38
frame= 2904 fps=108 q=28.0 size=   28160KiB time=00:01:56.08 bitrate=1987.3kbits/s speed=4.31x elapsed=0:00:26.90
frame= 2952 fps=108 q=28.0 size=   28672KiB time=00:01:58.08 bitrate=1989.2kbits/s speed=4.31x elapsed=0:00:27.42
frame= 3000 fps=107 q=28.0 size=   29184KiB time=00:01:59.92 bitrate=1993.6kbits/s speed=4.29x elapsed=0:00:27.94
frame= 3047 fps=107 q=28.0 size=   29696KiB time=00:02:01.84 bitrate=1996.6kbits/s speed=4.28x elapsed=0:00:28.44
frame= 3094 fps=107 q=28.0 size=   30464KiB time=00:02:03.68 bitrate=2017.8kbits/s speed=4.27x elapsed=0:00:28.97
frame= 3145 fps=107 q=28.0 size=   31232KiB time=00:02:05.72 bitrate=2035.1kbits/s speed=4.26x elapsed=0:00:29.47
frame= 3197 fps=107 q=28.0 size=   31744KiB time=00:02:07.80 bitrate=2034.8kbits/s speed=4.26x elapsed=0:00:30.00
frame= 3257 fps=107 q=28.0 size=   32256KiB time=00:02:10.20 bitrate=2029.5kbits/s speed=4.27x elapsed=0:00:30.52
frame= 3321 fps=107 q=28.0 size=   32768KiB time=00:02:12.76 bitrate=2022.0kbits/s speed=4.28x elapsed=0:00:31.05
frame= 3375 fps=107 q=28.0 size=   33536KiB time=00:02:14.92 bitrate=2036.2kbits/s speed=4.27x elapsed=0:00:31.57
frame= 3426 fps=107 q=28.0 size=   34048KiB time=00:02:16.96 bitrate=2036.5kbits/s speed=4.27x elapsed=0:00:32.08
frame= 3474 fps=107 q=28.0 size=   34816KiB time=00:02:18.88 bitrate=2053.7kbits/s speed=4.26x elapsed=0:00:32.60
frame= 3533 fps=107 q=28.0 size=   35328KiB time=00:02:21.40 bitrate=2046.7kbits/s speed=4.27x elapsed=0:00:33.13
frame= 3596 fps=107 q=28.0 size=   36352KiB time=00:02:23.76 bitrate=2071.5kbits/s speed=4.27x elapsed=0:00:33.64
frame= 3661 fps=107 q=28.0 size=   36864KiB time=00:02:26.36 bitrate=2063.3kbits/s speed=4.28x elapsed=0:00:34.17
frame= 3711 fps=107 q=28.0 size=   37120KiB time=00:02:28.36 bitrate=2049.7kbits/s speed=4.28x elapsed=0:00:34.68
frame= 3767 fps=107 q=28.0 size=   37888KiB time=00:02:30.60 bitrate=2060.9kbits/s speed=4.28x elapsed=0:00:35.20
frame= 3826 fps=107 q=28.0 size=   38400KiB time=00:02:32.96 bitrate=2056.6kbits/s speed=4.28x elapsed=0:00:35.71
frame= 3880 fps=107 q=28.0 size=   39424KiB time=00:02:35.12 bitrate=2082.0kbits/s speed=4.28x elapsed=0:00:36.23
frame= 3942 fps=107 q=28.0 size=   39680KiB time=00:02:37.60 bitrate=2062.6kbits/s speed=4.29x elapsed=0:00:36.74
frame= 3990 fps=107 q=28.0 size=   40192KiB time=00:02:39.52 bitrate=2064.0kbits/s speed=4.28x elapsed=0:00:37.26
frame= 4050 fps=107 q=28.0 size=   40704KiB time=00:02:41.92 bitrate=2059.3kbits/s speed=4.29x elapsed=0:00:37.78
frame= 4101 fps=107 q=28.0 size=   41472KiB time=00:02:44.00 bitrate=2071.6kbits/s speed=4.28x elapsed=0:00:38.29
frame= 4153 fps=107 q=28.0 size=   42240KiB time=00:02:46.04 bitrate=2084.0kbits/s speed=4.28x elapsed=0:00:38.80
frame= 4216 fps=107 q=28.0 size=   42752KiB time=00:02:48.56 bitrate=2077.7kbits/s speed=4.29x elapsed=0:00:39.32
frame= 4272 fps=107 q=28.0 size=   43264KiB time=00:02:50.80 bitrate=2075.1kbits/s speed=4.29x elapsed=0:00:39.84
frame= 4331 fps=107 q=28.0 size=   43520KiB time=00:02:53.16 bitrate=2058.9kbits/s speed=4.29x elapsed=0:00:40.35
frame= 4381 fps=107 q=28.0 size=   44544KiB time=00:02:55.20 bitrate=2082.8kbits/s speed=4.29x elapsed=0:00:40.87
frame= 4443 fps=107 q=28.0 size=   45056KiB time=00:02:57.64 bitrate=2077.8kbits/s speed=4.29x elapsed=0:00:41.38
frame= 4497 fps=107 q=28.0 size=   45824KiB time=00:02:59.80 bitrate=2087.8kbits/s speed=4.29x elapsed=0:00:41.90
frame= 4563 fps=108 q=28.0 size=   46336KiB time=00:03:02.44 bitrate=2080.6kbits/s speed= 4.3x elapsed=0:00:42.43
frame= 4624 fps=108 q=28.0 size=   47104KiB time=00:03:04.88 bitrate=2087.2kbits/s speed= 4.3x elapsed=0:00:42.95
frame= 4681 fps=108 q=28.0 size=   47616KiB time=00:03:07.16 bitrate=2084.2kbits/s speed=4.31x elapsed=0:00:43.47
frame= 4734 fps=108 q=28.0 size=   48384KiB time=00:03:09.28 bitrate=2094.1kbits/s speed= 4.3x elapsed=0:00:43.97
frame= 4791 fps=108 q=28.0 size=   49152KiB time=00:03:11.56 bitrate=2102.0kbits/s speed= 4.3x elapsed=0:00:44.49
frame= 4859 fps=108 q=28.0 size=   50176KiB time=00:03:14.28 bitrate=2115.7kbits/s speed=4.32x elapsed=0:00:45.01
frame= 4922 fps=108 q=28.0 size=   50688KiB time=00:03:16.80 bitrate=2109.9kbits/s speed=4.32x elapsed=0:00:45.52
frame= 4981 fps=108 q=28.0 size=   51200KiB time=00:03:19.16 bitrate=2106.0kbits/s speed=4.33x elapsed=0:00:46.03
frame= 5023 fps=108 q=28.0 size=   51456KiB time=00:03:21.12 bitrate=2095.9kbits/s speed=4.32x elapsed=0:00:46.56
frame= 5091 fps=108 q=28.0 size=   52480KiB time=00:03:23.56 bitrate=2112.0kbits/s speed=4.32x elapsed=0:00:47.08
frame= 5144 fps=108 q=28.0 size=   52992KiB time=00:03:25.80 bitrate=2109.4kbits/s speed=4.32x elapsed=0:00:47.59
frame= 5206 fps=108 q=28.0 size=   54016KiB time=00:03:28.16 bitrate=2125.8kbits/s speed=4.33x elapsed=0:00:48.11
frame= 5266 fps=108 q=28.0 size=   54784KiB time=00:03:30.56 bitrate=2131.4kbits/s speed=4.33x elapsed=0:00:48.63
frame= 5336 fps=109 q=28.0 size=   55296KiB time=00:03:33.36 bitrate=2123.1kbits/s speed=4.34x elapsed=0:00:49.15
frame= 5385 fps=108 q=28.0 size=   55808KiB time=00:03:35.32 bitrate=2123.3kbits/s speed=4.33x elapsed=0:00:49.68
frame= 5442 fps=108 q=28.0 size=   56576KiB time=00:03:37.60 bitrate=2129.9kbits/s speed=4.34x elapsed=0:00:50.19
frame= 5501 fps=108 q=28.0 size=   57088KiB time=00:03:39.96 bitrate=2126.1kbits/s speed=4.34x elapsed=0:00:50.71
frame= 5553 fps=108 q=28.0 size=   57856KiB time=00:03:42.04 bitrate=2134.6kbits/s speed=4.33x elapsed=0:00:51.23
frame= 5615 fps=109 q=28.0 size=   58368KiB time=00:03:44.52 bitrate=2129.7kbits/s speed=4.34x elapsed=0:00:51.74
frame= 5669 fps=108 q=28.0 size=   58880KiB time=00:03:46.68 bitrate=2127.9kbits/s speed=4.34x elapsed=0:00:52.25
frame= 5714 fps=108 q=28.0 size=   59392KiB time=00:03:48.48 bitrate=2129.5kbits/s speed=4.33x elapsed=0:00:52.78
frame= 5767 fps=108 q=28.0 size=   59904KiB time=00:03:50.60 bitrate=2128.1kbits/s speed=4.33x elapsed=0:00:53.30
frame= 5816 fps=108 q=28.0 size=   60416KiB time=00:03:52.88 bitrate=2125.3kbits/s speed=4.33x elapsed=0:00:53.80
frame= 5888 fps=108 q=28.0 size=   61440KiB time=00:03:55.44 bitrate=2137.8kbits/s speed=4.33x elapsed=0:00:54.33
frame= 5944 fps=108 q=28.0 size=   61952KiB time=00:03:57.68 bitrate=2135.3kbits/s speed=4.33x elapsed=0:00:54.84
frame= 5990 fps=108 q=28.0 size=   62208KiB time=00:03:59.84 bitrate=2124.8kbits/s speed=4.33x elapsed=0:00:55.35
frame= 6055 fps=108 q=28.0 size=   63232KiB time=00:04:02.16 bitrate=2139.1kbits/s speed=4.33x elapsed=0:00:55.87
frame= 6118 fps=108 q=28.0 size=   64000KiB time=00:04:04.64 bitrate=2143.1kbits/s speed=4.34x elapsed=0:00:56.39
frame= 6177 fps=109 q=28.0 size=   64768KiB time=00:04:07.00 bitrate=2148.1kbits/s speed=4.34x elapsed=0:00:56.90
frame= 6233 fps=109 q=28.0 size=   65024KiB time=00:04:09.24 bitrate=2137.2kbits/s speed=4.34x elapsed=0:00:57.41
frame= 6291 fps=109 q=28.0 size=   65536KiB time=00:04:11.56 bitrate=2134.2kbits/s speed=4.34x elapsed=0:00:57.93
frame= 6356 fps=109 q=28.0 size=   66560KiB time=00:04:14.16 bitrate=2145.3kbits/s speed=4.35x elapsed=0:00:58.45
frame= 6415 fps=109 q=28.0 size=   67328KiB time=00:04:16.52 bitrate=2150.1kbits/s speed=4.35x elapsed=0:00:58.96
frame= 6480 fps=109 q=28.0 size=   67840KiB time=00:04:19.12 bitrate=2144.7kbits/s speed=4.35x elapsed=0:00:59.51
frame= 6535 fps=109 q=28.0 size=   68352KiB time=00:04:21.32 bitrate=2142.7kbits/s speed=4.35x elapsed=0:01:00.02
frame= 6593 fps=109 q=28.0 size=   69120KiB time=00:04:23.64 bitrate=2147.7kbits/s speed=4.35x elapsed=0:01:00.54
frame= 6642 fps=109 q=28.0 size=   69632KiB time=00:04:25.60 bitrate=2147.7kbits/s speed=4.35x elapsed=0:01:01.06
frame= 6693 fps=109 q=28.0 size=   70400KiB time=00:04:27.64 bitrate=2154.8kbits/s speed=4.35x elapsed=0:01:01.57
frame= 6750 fps=109 q=28.0 size=   70912KiB time=00:04:29.92 bitrate=2152.2kbits/s speed=4.35x elapsed=0:01:02.09
frame= 6805 fps=109 q=28.0 size=   71680KiB time=00:04:32.12 bitrate=2157.9kbits/s speed=4.35x elapsed=0:01:02.61
frame= 6866 fps=109 q=28.0 size=   72192KiB time=00:04:34.56 bitrate=2154.0kbits/s speed=4.35x elapsed=0:01:03.11
frame= 6919 fps=109 q=28.0 size=   72704KiB time=00:04:36.68 bitrate=2152.6kbits/s speed=4.35x elapsed=0:01:03.63
frame= 6983 fps=109 q=28.0 size=   73472KiB time=00:04:39.24 bitrate=2155.4kbits/s speed=4.35x elapsed=0:01:04.15
frame= 7039 fps=109 q=28.0 size=   73984KiB time=00:04:41.48 bitrate=2153.2kbits/s speed=4.35x elapsed=0:01:04.66
frame= 7097 fps=109 q=28.0 size=   74752KiB time=00:04:43.80 bitrate=2157.7kbits/s speed=4.35x elapsed=0:01:05.18
frame= 7153 fps=109 q=28.0 size=   75264KiB time=00:04:46.04 bitrate=2155.5kbits/s speed=4.35x elapsed=0:01:05.70
frame= 7184 fps=108 q=28.0 size=   75776KiB time=00:04:47.32 bitrate=2160.5kbits/s speed=4.34x elapsed=0:01:06.22
frame= 7241 fps=109 q=28.0 size=   76288KiB time=00:04:49.56 bitrate=2158.3kbits/s speed=4.34x elapsed=0:01:06.72
frame= 7296 fps=108 q=28.0 size=   76544KiB time=00:04:51.76 bitrate=2149.2kbits/s speed=4.34x elapsed=0:01:07.24
frame= 7355 fps=109 q=28.0 size=   77568KiB time=00:04:54.12 bitrate=2160.5kbits/s speed=4.34x elapsed=0:01:07.76
frame= 7407 fps=108 q=28.0 size=   78336KiB time=00:04:56.20 bitrate=2166.5kbits/s speed=4.34x elapsed=0:01:08.27
frame= 7464 fps=108 q=28.0 size=   79104KiB time=00:04:58.48 bitrate=2171.1kbits/s speed=4.34x elapsed=0:01:08.80
frame= 7509 fps=108 q=28.0 size=   79360KiB time=00:05:00.28 bitrate=2165.0kbits/s speed=4.33x elapsed=0:01:09.31
frame= 7551 fps=108 q=28.0 size=   79872KiB time=00:05:01.96 bitrate=2166.9kbits/s speed=4.32x elapsed=0:01:09.84
frame= 7574 fps=108 q=28.0 size=   80128KiB time=00:05:02.88 bitrate=2167.2kbits/s speed= 4.3x elapsed=0:01:10.36
frame= 7616 fps=107 q=28.0 size=   80640KiB time=00:05:04.56 bitrate=2169.0kbits/s speed= 4.3x elapsed=0:01:10.87
frame= 7642 fps=107 q=28.0 size=   80640KiB time=00:05:05.60 bitrate=2161.7kbits/s speed=4.28x elapsed=0:01:11.38
frame= 7678 fps=107 q=28.0 size=   81152KiB time=00:05:07.04 bitrate=2165.2kbits/s speed=4.27x elapsed=0:01:11.90
frame= 7712 fps=106 q=28.0 size=   81408KiB time=00:05:08.40 bitrate=2162.4kbits/s speed=4.26x elapsed=0:01:12.42
frame= 7733 fps=106 q=28.0 size=   81664KiB time=00:05:09.56 bitrate=2161.1kbits/s speed=4.24x elapsed=0:01:12.93
frame= 7790 fps=106 q=28.0 size=   82432KiB time=00:05:11.52 bitrate=2167.7kbits/s speed=4.24x elapsed=0:01:13.45
frame= 7813 fps=106 q=28.0 size=   82944KiB time=00:05:12.44 bitrate=2174.7kbits/s speed=4.22x elapsed=0:01:13.97
frame= 7833 fps=105 q=28.0 size=   83200KiB time=00:05:13.32 bitrate=2175.3kbits/s speed=4.21x elapsed=0:01:14.49
frame= 7854 fps=105 q=28.0 size=   83456KiB time=00:05:14.08 bitrate=2176.7kbits/s speed=4.19x elapsed=0:01:15.00
frame= 7874 fps=104 q=28.0 size=   83712KiB time=00:05:14.88 bitrate=2177.9kbits/s speed=4.17x elapsed=0:01:15.52
frame= 7892 fps=104 q=28.0 size=   83968KiB time=00:05:15.60 bitrate=2179.6kbits/s speed=4.15x elapsed=0:01:16.04
frame= 7914 fps=103 q=28.0 size=   84224KiB time=00:05:16.48 bitrate=2180.1kbits/s speed=4.13x elapsed=0:01:16.55
frame= 7936 fps=103 q=28.0 size=   84224KiB time=00:05:17.36 bitrate=2174.1kbits/s speed=4.12x elapsed=0:01:17.08
frame= 7992 fps=103 q=28.0 size=   84736KiB time=00:05:19.60 bitrate=2172.0kbits/s speed=4.12x elapsed=0:01:17.58
frame= 8045 fps=103 q=28.0 size=   85248KiB time=00:05:21.72 bitrate=2170.7kbits/s speed=4.12x elapsed=0:01:18.11
frame= 8070 fps=103 q=28.0 size=   85760KiB time=00:05:22.72 bitrate=2177.0kbits/s speed= 4.1x elapsed=0:01:18.62
frame= 8116 fps=103 q=28.0 size=   86528KiB time=00:05:24.56 bitrate=2184.0kbits/s speed= 4.1x elapsed=0:01:19.14
frame= 8160 fps=102 q=28.0 size=   87040KiB time=00:05:26.32 bitrate=2185.1kbits/s speed= 4.1x elapsed=0:01:19.65
frame= 8198 fps=102 q=28.0 size=   87552KiB time=00:05:27.84 bitrate=2187.7kbits/s speed=4.09x elapsed=0:01:20.17
frame= 8242 fps=102 q=28.0 size=   88064KiB time=00:05:29.64 bitrate=2188.5kbits/s speed=4.09x elapsed=0:01:20.69
frame= 8278 fps=102 q=28.0 size=   88320KiB time=00:05:31.04 bitrate=2185.6kbits/s speed=4.08x elapsed=0:01:21.20
frame= 8315 fps=102 q=28.0 size=   88576KiB time=00:05:32.60 bitrate=2181.6kbits/s speed=4.07x elapsed=0:01:21.72
frame= 8325 fps=101 q=28.0 size=   88832KiB time=00:05:32.92 bitrate=2185.8kbits/s speed=4.05x elapsed=0:01:22.26
frame= 8348 fps=101 q=28.0 size=   89344KiB time=00:05:33.84 bitrate=2192.4kbits/s speed=4.03x elapsed=0:01:22.78
frame= 8362 fps=100 q=28.0 size=   89344KiB time=00:05:34.40 bitrate=2188.7kbits/s speed=4.01x elapsed=0:01:23.32
frame= 8388 fps=100 q=28.0 size=   89600KiB time=00:05:35.76 bitrate=2186.1kbits/s speed=   4x elapsed=0:01:23.84
frame= 8424 fps=100 q=28.0 size=   90112KiB time=00:05:36.88 bitrate=2191.3kbits/s speed=3.99x elapsed=0:01:24.35
frame= 8458 fps=100 q=28.0 size=   90624KiB time=00:05:38.24 bitrate=2194.9kbits/s speed=3.99x elapsed=0:01:24.86
frame= 8505 fps=100 q=28.0 size=   91136KiB time=00:05:40.12 bitrate=2195.1kbits/s speed=3.98x elapsed=0:01:25.38
frame= 8555 fps=100 q=28.0 size=   91648KiB time=00:05:42.12 bitrate=2194.5kbits/s speed=3.98x elapsed=0:01:25.90
frame= 8594 fps= 99 q=28.0 size=   92416KiB time=00:05:43.68 bitrate=2202.8kbits/s speed=3.98x elapsed=0:01:26.41
frame= 8646 fps= 99 q=28.0 size=   92672KiB time=00:05:45.76 bitrate=2195.7kbits/s speed=3.98x elapsed=0:01:26.93
frame= 8690 fps= 99 q=28.0 size=   92928KiB time=00:05:47.64 bitrate=2189.8kbits/s speed=3.98x elapsed=0:01:27.44
frame= 8738 fps= 99 q=28.0 size=   93440KiB time=00:05:49.44 bitrate=2190.5kbits/s speed=3.97x elapsed=0:01:27.96
frame= 8783 fps= 99 q=28.0 size=   93952KiB time=00:05:51.24 bitrate=2191.3kbits/s speed=3.97x elapsed=0:01:28.48
frame= 8832 fps= 99 q=28.0 size=   94208KiB time=00:05:53.20 bitrate=2185.0kbits/s speed=3.97x elapsed=0:01:28.99
frame= 8888 fps= 99 q=28.0 size=   94720KiB time=00:05:55.44 bitrate=2183.1kbits/s speed=3.97x elapsed=0:01:29.51
frame= 8924 fps= 99 q=28.0 size=   94976KiB time=00:05:56.88 bitrate=2180.1kbits/s speed=3.96x elapsed=0:01:30.03
frame= 8968 fps= 99 q=28.0 size=   95488KiB time=00:05:58.64 bitrate=2181.1kbits/s speed=3.96x elapsed=0:01:30.54
frame= 9006 fps= 99 q=28.0 size=   95744KiB time=00:06:00.16 bitrate=2177.7kbits/s speed=3.96x elapsed=0:01:31.05
frame= 9053 fps= 99 q=28.0 size=   96256KiB time=00:06:02.04 bitrate=2178.0kbits/s speed=3.95x elapsed=0:01:31.56
frame= 9086 fps= 99 q=28.0 size=   96512KiB time=00:06:03.36 bitrate=2175.9kbits/s speed=3.95x elapsed=0:01:32.09
frame= 9136 fps= 99 q=28.0 size=   97024KiB time=00:06:05.36 bitrate=2175.4kbits/s speed=3.95x elapsed=0:01:32.60
frame= 9180 fps= 99 q=28.0 size=   97536KiB time=00:06:07.12 bitrate=2176.4kbits/s speed=3.94x elapsed=0:01:33.12
frame= 9215 fps= 98 q=28.0 size=   97792KiB time=00:06:08.52 bitrate=2173.9kbits/s speed=3.94x elapsed=0:01:33.63
frame= 9264 fps= 98 q=28.0 size=   98048KiB time=00:06:10.48 bitrate=2168.0kbits/s speed=3.93x elapsed=0:01:34.15
frame= 9319 fps= 98 q=28.0 size=   98304KiB time=00:06:12.68 bitrate=2160.9kbits/s speed=3.94x elapsed=0:01:34.67
frame= 9351 fps= 98 q=28.0 size=   99072KiB time=00:06:14.00 bitrate=2170.0kbits/s speed=3.93x elapsed=0:01:35.18
frame= 9405 fps= 98 q=28.0 size=   99328KiB time=00:06:16.12 bitrate=2163.4kbits/s speed=3.93x elapsed=0:01:35.70
frame= 9443 fps= 98 q=28.0 size=   99584KiB time=00:06:17.64 bitrate=2160.2kbits/s speed=3.92x elapsed=0:01:36.23
frame= 9485 fps= 98 q=28.0 size=  100096KiB time=00:06:19.32 bitrate=2161.7kbits/s speed=3.92x elapsed=0:01:36.75
frame= 9538 fps= 98 q=28.0 size=  100352KiB time=00:06:21.44 bitrate=2155.2kbits/s speed=3.92x elapsed=0:01:37.28
frame= 9581 fps= 98 q=28.0 size=  100608KiB time=00:06:23.16 bitrate=2151.0kbits/s speed=3.92x elapsed=0:01:37.79
frame= 9632 fps= 98 q=28.0 size=  101120KiB time=00:06:25.20 bitrate=2150.5kbits/s speed=3.92x elapsed=0:01:38.30
frame= 9672 fps= 98 q=28.0 size=  101376KiB time=00:06:26.80 bitrate=2147.0kbits/s speed=3.91x elapsed=0:01:38.82
frame= 9720 fps= 98 q=28.0 size=  101888KiB time=00:06:28.72 bitrate=2147.2kbits/s speed=3.91x elapsed=0:01:39.34
frame= 9750 fps= 98 q=28.0 size=  102400KiB time=00:06:29.92 bitrate=2151.4kbits/s speed= 3.9x elapsed=0:01:39.88
frame= 9793 fps= 98 q=28.0 size=  102656KiB time=00:06:31.64 bitrate=2147.3kbits/s speed= 3.9x elapsed=0:01:40.40
frame= 9839 fps= 97 q=28.0 size=  103424KiB time=00:06:33.48 bitrate=2153.2kbits/s speed= 3.9x elapsed=0:01:40.92
frame= 9872 fps= 97 q=28.0 size=  103680KiB time=00:06:34.80 bitrate=2151.3kbits/s speed=3.89x elapsed=0:01:41.43
frame= 9921 fps= 97 q=28.0 size=  104192KiB time=00:06:36.80 bitrate=2151.1kbits/s speed=3.89x elapsed=0:01:41.96
frame= 9972 fps= 97 q=28.0 size=  104704KiB time=00:06:38.80 bitrate=2150.8kbits/s speed=3.89x elapsed=0:01:42.48
frame=10011 fps= 97 q=28.0 size=  105216KiB time=00:06:40.36 bitrate=2152.9kbits/s speed=3.89x elapsed=0:01:42.99
frame=10052 fps= 97 q=28.0 size=  105472KiB time=00:06:42.00 bitrate=2149.3kbits/s speed=3.88x elapsed=0:01:43.51
frame=10095 fps= 97 q=28.0 size=  105984KiB time=00:06:43.72 bitrate=2150.6kbits/s speed=3.88x elapsed=0:01:44.02
frame=10132 fps= 97 q=28.0 size=  106496KiB time=00:06:45.20 bitrate=2153.0kbits/s speed=3.88x elapsed=0:01:44.54
frame=10177 fps= 97 q=28.0 size=  107008KiB time=00:06:47.00 bitrate=2153.8kbits/s speed=3.87x elapsed=0:01:45.05
frame=10234 fps= 97 q=28.0 size=  107520KiB time=00:06:49.32 bitrate=2151.9kbits/s speed=3.88x elapsed=0:01:45.59
frame=10277 fps= 97 q=28.0 size=  108288KiB time=00:06:51.00 bitrate=2158.4kbits/s speed=3.87x elapsed=0:01:46.10
frame=10340 fps= 97 q=28.0 size=  108800KiB time=00:06:53.52 bitrate=2155.4kbits/s speed=3.88x elapsed=0:01:46.62
frame=10385 fps= 97 q=28.0 size=  109312KiB time=00:06:55.32 bitrate=2156.1kbits/s speed=3.88x elapsed=0:01:47.13
frame=10431 fps= 97 q=28.0 size=  109568KiB time=00:06:57.24 bitrate=2151.2kbits/s speed=3.88x elapsed=0:01:47.66
frame=10472 fps= 97 q=28.0 size=  110080KiB time=00:06:58.80 bitrate=2153.2kbits/s speed=3.87x elapsed=0:01:48.19
frame=10502 fps= 97 q=28.0 size=  110592KiB time=00:07:00.00 bitrate=2157.1kbits/s speed=3.86x elapsed=0:01:48.72
frame=10534 fps= 96 q=28.0 size=  110848KiB time=00:07:01.28 bitrate=2155.5kbits/s speed=3.86x elapsed=0:01:49.24
frame=10568 fps= 96 q=28.0 size=  111360KiB time=00:07:02.64 bitrate=2158.5kbits/s speed=3.85x elapsed=0:01:49.76
frame=10608 fps= 96 q=28.0 size=  111872KiB time=00:07:04.32 bitrate=2159.8kbits/s speed=3.85x elapsed=0:01:50.28
frame=10642 fps= 96 q=28.0 size=  112384KiB time=00:07:05.60 bitrate=2163.2kbits/s speed=3.84x elapsed=0:01:50.80
frame=10676 fps= 96 q=28.0 size=  112640KiB time=00:07:06.96 bitrate=2161.2kbits/s speed=3.83x elapsed=0:01:51.33
frame=10699 fps= 96 q=28.0 size=  112640KiB time=00:07:07.88 bitrate=2156.6kbits/s speed=3.83x elapsed=0:01:51.85
frame=10738 fps= 96 q=28.0 size=  112896KiB time=00:07:09.44 bitrate=2153.6kbits/s speed=3.82x elapsed=0:01:52.37
frame=10763 fps= 95 q=28.0 size=  113408KiB time=00:07:10.44 bitrate=2158.3kbits/s speed=3.81x elapsed=0:01:52.88
frame=10797 fps= 95 q=28.0 size=  113664KiB time=00:07:11.80 bitrate=2156.4kbits/s speed=3.81x elapsed=0:01:53.40
frame=10831 fps= 95 q=28.0 size=  114176KiB time=00:07:13.16 bitrate=2159.3kbits/s speed= 3.8x elapsed=0:01:53.92
frame=10874 fps= 95 q=28.0 size=  114944KiB time=00:07:14.88 bitrate=2165.2kbits/s speed= 3.8x elapsed=0:01:54.43
frame=10907 fps= 95 q=28.0 size=  115456KiB time=00:07:16.20 bitrate=2168.3kbits/s speed=3.79x elapsed=0:01:54.95
frame=10936 fps= 95 q=28.0 size=  115712KiB time=00:07:17.36 bitrate=2167.4kbits/s speed=3.79x elapsed=0:01:55.47
frame=10963 fps= 95 q=28.0 size=  115968KiB time=00:07:18.44 bitrate=2166.8kbits/s speed=3.78x elapsed=0:01:56.00
frame=10987 fps= 94 q=28.0 size=  115968KiB time=00:07:19.40 bitrate=2162.1kbits/s speed=3.77x elapsed=0:01:56.53
frame=11008 fps= 94 q=28.0 size=  116224KiB time=00:07:20.24 bitrate=2162.7kbits/s speed=3.76x elapsed=0:01:57.06
frame=11045 fps= 94 q=28.0 size=  116736KiB time=00:07:21.80 bitrate=2164.6kbits/s speed=3.76x elapsed=0:01:57.60
frame=11072 fps= 94 q=28.0 size=  116992KiB time=00:07:22.80 bitrate=2164.4kbits/s speed=3.75x elapsed=0:01:58.11
frame=11097 fps= 94 q=28.0 size=  117248KiB time=00:07:23.80 bitrate=2164.3kbits/s speed=3.74x elapsed=0:01:58.63
frame=11125 fps= 93 q=28.0 size=  117504KiB time=00:07:24.92 bitrate=2163.5kbits/s speed=3.73x elapsed=0:01:59.16
frame=11141 fps= 93 q=28.0 size=  117760KiB time=00:07:25.56 bitrate=2165.1kbits/s speed=3.72x elapsed=0:01:59.74
frame=11161 fps= 93 q=28.0 size=  118016KiB time=00:07:26.36 bitrate=2165.9kbits/s speed=3.71x elapsed=0:02:00.31
frame=11178 fps= 93 q=28.0 size=  118272KiB time=00:07:27.04 bitrate=2167.3kbits/s speed= 3.7x elapsed=0:02:00.83
frame=11198 fps= 92 q=28.0 size=  118272KiB time=00:07:27.84 bitrate=2163.5kbits/s speed=3.69x elapsed=0:02:01.35
frame=11218 fps= 92 q=28.0 size=  118528KiB time=00:07:28.64 bitrate=2164.3kbits/s speed=3.68x elapsed=0:02:01.85
frame=11236 fps= 92 q=28.0 size=  118784KiB time=00:07:29.36 bitrate=2165.5kbits/s speed=3.67x elapsed=0:02:02.43
frame=11255 fps= 92 q=28.0 size=  119040KiB time=00:07:30.12 bitrate=2166.5kbits/s speed=3.66x elapsed=0:02:02.95
frame=11263 fps= 91 q=28.0 size=  119040KiB time=00:07:30.44 bitrate=2164.9kbits/s speed=3.65x elapsed=0:02:03.46
frame=11269 fps= 91 q=28.0 size=  119296KiB time=00:07:30.72 bitrate=2168.2kbits/s speed=3.64x elapsed=0:02:03.98
frame=11293 fps= 91 q=28.0 size=  119552KiB time=00:07:31.64 bitrate=2168.5kbits/s speed=3.63x elapsed=0:02:04.50
frame=11307 fps= 90 q=28.0 size=  119552KiB time=00:07:32.24 bitrate=2165.6kbits/s speed=3.62x elapsed=0:02:05.01
frame=11320 fps= 90 q=28.0 size=  119808KiB time=00:07:32.72 bitrate=2167.9kbits/s speed=3.61x elapsed=0:02:05.53
frame=11341 fps= 90 q=28.0 size=  120064KiB time=00:07:33.56 bitrate=2168.5kbits/s speed= 3.6x elapsed=0:02:06.04
frame=11361 fps= 90 q=28.0 size=  120320KiB time=00:07:34.36 bitrate=2169.3kbits/s speed=3.59x elapsed=0:02:06.55
frame=11385 fps= 90 q=28.0 size=  120320KiB time=00:07:35.32 bitrate=2164.8kbits/s speed=3.58x elapsed=0:02:07.07
frame=11400 fps= 89 q=28.0 size=  120576KiB time=00:07:35.92 bitrate=2166.5kbits/s speed=3.57x elapsed=0:02:07.58
frame=11415 fps= 89 q=28.0 size=  120576KiB time=00:07:36.52 bitrate=2163.7kbits/s speed=3.56x elapsed=0:02:08.11
frame=11432 fps= 89 q=28.0 size=  120832KiB time=00:07:37.20 bitrate=2165.0kbits/s speed=3.55x elapsed=0:02:08.64
frame=11440 fps= 89 q=28.0 size=  120832KiB time=00:07:37.52 bitrate=2163.5kbits/s speed=3.54x elapsed=0:02:09.16
frame=11470 fps= 88 q=-1.0 size=  121088KiB time=00:07:38.72 bitrate=2162.4kbits/s speed=3.54x elapsed=0:02:09.68
[mp4 @ 000001e8dae742c0] Starting second pass: moving the moov atom to the beginning of the file
[out#0/mp4 @ 000001e8dae24d00] video:121166KiB audio:0KiB subtitle:0KiB other streams:0KiB global headers:0KiB muxing overhead: 0.105689%
frame=11475 fps= 85 q=-1.0 Lsize=  121294KiB time=00:07:38.92 bitrate=2165.2kbits/s speed=3.38x elapsed=0:02:15.66
[libx264 @ 000001e8dae6fd00] frame I:48    Avg QP:15.42  size:210131
[libx264 @ 000001e8dae6fd00] frame P:4483  Avg QP:20.55  size: 20951
[libx264 @ 000001e8dae6fd00] frame B:6944  Avg QP:25.20  size:  2890
[libx264 @ 000001e8dae6fd00] consecutive B-frames: 12.7% 16.7%  9.8% 60.8%
[libx264 @ 000001e8dae6fd00] mb I  I16..4: 17.2% 48.3% 34.6%
[libx264 @ 000001e8dae6fd00] mb P  I16..4:  1.1%  2.7%  1.0%  P16..4: 18.2%  4.3%  2.7%  0.0%  0.0%    skip:70.0%
[libx264 @ 000001e8dae6fd00] mb B  I16..4:  0.4%  0.5%  0.1%  B16..8:  6.1%  1.0%  0.1%  direct: 1.1%  skip:90.8%  L0:44.8% L1:48.2% BI: 7.0%
[libx264 @ 000001e8dae6fd00] 8x8 transform intra:53.2% inter:38.3%
[libx264 @ 000001e8dae6fd00] coded y,uvDC,uvAC intra: 55.8% 58.9% 33.0% inter: 5.6% 4.0% 0.8%
[libx264 @ 000001e8dae6fd00] i16 v,h,dc,p: 29% 37% 21% 13%
[libx264 @ 000001e8dae6fd00] i8 v,h,dc,ddl,ddr,vr,hd,vl,hu: 23% 28% 19%  3%  5%  4%  7%  3%  6%
[libx264 @ 000001e8dae6fd00] i4 v,h,dc,ddl,ddr,vr,hd,vl,hu: 26% 30% 14%  4%  7%  5%  7%  3%  5%
[libx264 @ 000001e8dae6fd00] i8c dc,h,v,p: 49% 28% 17%  6%
[libx264 @ 000001e8dae6fd00] Weighted P-Frames: Y:0.1% UV:0.1%
[libx264 @ 000001e8dae6fd00] ref P L0: 82.0% 18.0%
[libx264 @ 000001e8dae6fd00] ref B L0: 88.2% 11.8%
[libx264 @ 000001e8dae6fd00] ref B L1: 94.5%  5.5%
[libx264 @ 000001e8dae6fd00] kb/s:2162.50
