Blender 4.5.13 LTS (hash daeeeca98fb0 built 2026-08-25 01:50:50)
Read blend: "D:\vibe-coding-e\nova-swarm-forum-129-improvements-20260822\docs\ship-art-v2\nova-sparrow-v2.blend"
Fra:1 Mem:12.27M (Peak 12.27M) | Time:00:00.00 | Mem:0.00M, Peak:0.00M | Scene, ViewLayer | Synchronizing object | Broad neutral key
Fra:1 Mem:12.27M (Peak 12.27M) | Time:00:00.00 | Mem:0.00M, Peak:0.00M | Scene, ViewLayer | Synchronizing object | Continuous pressure fuselage
Fra:1 Mem:16.58M (Peak 17.73M) | Time:00:00.01 | Mem:0.00M, Peak:0.00M | Scene, ViewLayer | Initializing
Fra:1 Mem:16.11M (Peak 17.73M) | Time:00:00.01 | Mem:0.00M, Peak:0.00M | Scene, ViewLayer | Waiting for render to start
Fra:1 Mem:16.11M (Peak 17.73M) | Time:00:00.01 | Mem:0.00M, Peak:0.00M | Scene, ViewLayer | Updating Scene
Fra:1 Mem:16.11M (Peak 17.73M) | Time:00:00.01 | Mem:0.00M, Peak:0.00M | Scene, ViewLayer | Updating Shaders
Fra:1 Mem:16.11M (Peak 17.73M) | Time:00:00.01 | Mem:0.00M, Peak:0.00M | Scene, ViewLayer | Loading render kernels (may take a few minutes the first time)
Fra:1 Mem:16.20M (Peak 17.73M) | Time:00:00.03 | Mem:0.01M, Peak:0.01M | Scene, ViewLayer | Updating Procedurals
Fra:1 Mem:16.20M (Peak 17.73M) | Time:00:00.03 | Mem:0.01M, Peak:0.01M | Scene, ViewLayer | Updating Background
Fra:1 Mem:16.20M (Peak 17.73M) | Time:00:00.03 | Mem:0.01M, Peak:0.01M | Scene, ViewLayer | Updating Camera
Fra:1 Mem:16.20M (Peak 17.73M) | Time:00:00.03 | Mem:0.01M, Peak:0.01M | Scene, ViewLayer | Updating Meshes Flags
Fra:1 Mem:16.20M (Peak 17.73M) | Time:00:00.03 | Mem:0.01M, Peak:0.01M | Scene, ViewLayer | Updating Objects
Fra:1 Mem:16.20M (Peak 17.73M) | Time:00:00.03 | Mem:0.01M, Peak:0.01M | Scene, ViewLayer | Updating Objects | Copying Transformations to device
Fra:1 Mem:16.20M (Peak 17.73M) | Time:00:00.03 | Mem:0.01M, Peak:0.01M | Scene, ViewLayer | Updating Particle Systems
Fra:1 Mem:16.20M (Peak 17.73M) | Time:00:00.03 | Mem:0.01M, Peak:0.01M | Scene, ViewLayer | Updating Particle Systems | Copying Particles to device
Fra:1 Mem:16.20M (Peak 17.73M) | Time:00:00.03 | Mem:0.01M, Peak:0.01M | Scene, ViewLayer | Updating Meshes
Fra:1 Mem:17.56M (Peak 17.73M) | Time:00:00.06 | Mem:0.01M, Peak:0.01M | Scene, ViewLayer | Updating Objects | Applying Static Transformations
Fra:1 Mem:17.56M (Peak 17.73M) | Time:00:00.06 | Mem:0.01M, Peak:0.01M | Scene, ViewLayer | Updating Mesh | Computing attributes
Fra:1 Mem:19.42M (Peak 19.42M) | Time:00:00.06 | Mem:0.01M, Peak:0.01M | Scene, ViewLayer | Updating Mesh | Copying Attributes to device
Fra:1 Mem:19.42M (Peak 19.42M) | Time:00:00.06 | Mem:1.86M, Peak:1.86M | Scene, ViewLayer | Updating Scene BVH | Building
Fra:1 Mem:19.42M (Peak 19.42M) | Time:00:00.06 | Mem:1.86M, Peak:1.86M | Scene, ViewLayer | Updating Scene BVH | Building BVH
Fra:1 Mem:19.42M (Peak 19.42M) | Time:00:00.06 | Mem:2.59M, Peak:2.59M | Scene, ViewLayer | Updating Scene BVH | Building BVH 0%
Fra:1 Mem:19.42M (Peak 19.42M) | Time:00:00.06 | Mem:3.38M, Peak:4.11M | Scene, ViewLayer | Updating Scene BVH | Copying BVH to device
Fra:1 Mem:19.42M (Peak 19.42M) | Time:00:00.06 | Mem:3.38M, Peak:4.11M | Scene, ViewLayer | Updating Mesh | Computing normals
Fra:1 Mem:20.23M (Peak 20.23M) | Time:00:00.06 | Mem:3.38M, Peak:4.11M | Scene, ViewLayer | Updating Mesh | Copying Mesh to device
Fra:1 Mem:20.23M (Peak 20.23M) | Time:00:00.06 | Mem:4.19M, Peak:4.19M | Scene, ViewLayer | Updating Objects Flags
Fra:1 Mem:20.23M (Peak 20.23M) | Time:00:00.06 | Mem:4.19M, Peak:4.19M | Scene, ViewLayer | Updating Primitive Offsets
Fra:1 Mem:20.23M (Peak 20.23M) | Time:00:00.06 | Mem:4.19M, Peak:4.19M | Scene, ViewLayer | Updating Images
Fra:1 Mem:20.23M (Peak 20.23M) | Time:00:00.06 | Mem:4.19M, Peak:4.19M | Scene, ViewLayer | Updating Images | Loading cobalt-basecolor.png
Fra:1 Mem:20.23M (Peak 20.23M) | Time:00:00.06 | Mem:4.19M, Peak:4.19M | Scene, ViewLayer | Updating Images | Loading paint-orm.png
Fra:1 Mem:36.24M (Peak 36.24M) | Time:00:00.08 | Mem:20.19M, Peak:20.19M | Scene, ViewLayer | Updating Camera Volume
Fra:1 Mem:36.24M (Peak 36.24M) | Time:00:00.08 | Mem:20.19M, Peak:20.19M | Scene, ViewLayer | Updating Lookup Tables
Fra:1 Mem:36.24M (Peak 36.24M) | Time:00:00.08 | Mem:20.27M, Peak:20.27M | Scene, ViewLayer | Updating Lights
Fra:1 Mem:36.24M (Peak 36.24M) | Time:00:00.08 | Mem:20.27M, Peak:20.27M | Scene, ViewLayer | Updating Lights | Computing tree
Fra:1 Mem:36.65M (Peak 39.15M) | Time:00:00.10 | Mem:20.68M, Peak:20.68M | Scene, ViewLayer | Updating Integrator
Fra:1 Mem:36.65M (Peak 39.15M) | Time:00:00.10 | Mem:20.68M, Peak:20.68M | Scene, ViewLayer | Updating Film
Fra:1 Mem:36.65M (Peak 39.15M) | Time:00:00.10 | Mem:20.60M, Peak:20.68M | Scene, ViewLayer | Updating Lookup Tables
Fra:1 Mem:36.65M (Peak 39.15M) | Time:00:00.10 | Mem:20.69M, Peak:20.69M | Scene, ViewLayer | Updating Baking
Fra:1 Mem:36.65M (Peak 39.15M) | Time:00:00.10 | Mem:20.69M, Peak:20.69M | Scene, ViewLayer | Updating Device | Writing constant memory
Fra:1 Mem:36.66M (Peak 39.15M) | Time:00:00.10 | Mem:20.69M, Peak:20.69M | Scene, ViewLayer | Loading denoising kernels (may take a few minutes the first time)
Fra:1 Mem:36.66M (Peak 39.15M) | Time:00:00.10 | Mem:20.69M, Peak:20.69M | Scene, ViewLayer | Sample 0/32
Fra:1 Mem:112.79M (Peak 112.79M) | Time:00:00.31 | Remaining:00:06.73 | Mem:96.70M, Peak:96.70M | Scene, ViewLayer | Sample 1/32
Fra:1 Mem:144.79M (Peak 192.79M) | Time:00:12.16 | Mem:96.70M, Peak:96.70M | Scene, ViewLayer | Sample 32/32
Fra:1 Mem:144.79M (Peak 192.79M) | Time:00:12.16 | Mem:96.70M, Peak:96.70M | Scene, ViewLayer | Finished
Saved: 'D:\vibe-coding-e\nova-swarm-forum-129-improvements-20260822\docs\ship-art-v2\export\showroom.png'
Time: 00:12.71 (Saving: 00:00.42)

Fra:1 Mem:14.76M (Peak 14.76M) | Time:00:00.00 | Mem:0.00M, Peak:0.00M | Scene, ViewLayer | Synchronizing object | Broad neutral key
Fra:1 Mem:14.77M (Peak 14.77M) | Time:00:00.00 | Mem:0.00M, Peak:0.00M | Scene, ViewLayer | Synchronizing object | Continuous pressure fuselage
Fra:1 Mem:16.58M (Peak 18.67M) | Time:00:00.00 | Mem:0.00M, Peak:0.00M | Scene, ViewLayer | Initializing
Fra:1 Mem:16.11M (Peak 18.67M) | Time:00:00.00 | Mem:0.00M, Peak:0.00M | Scene, ViewLayer | Waiting for render to start
Fra:1 Mem:16.11M (Peak 18.67M) | Time:00:00.00 | Mem:0.00M, Peak:0.00M | Scene, ViewLayer | Updating Scene
Fra:1 Mem:16.11M (Peak 18.67M) | Time:00:00.00 | Mem:0.00M, Peak:0.00M | Scene, ViewLayer | Updating Shaders
Fra:1 Mem:16.11M (Peak 18.67M) | Time:00:00.00 | Mem:0.00M, Peak:0.00M | Scene, ViewLayer | Loading render kernels (may take a few minutes the first time)
Fra:1 Mem:16.20M (Peak 18.67M) | Time:00:00.01 | Mem:0.01M, Peak:0.01M | Scene, ViewLayer | Updating Procedurals
Fra:1 Mem:16.20M (Peak 18.67M) | Time:00:00.01 | Mem:0.01M, Peak:0.01M | Scene, ViewLayer | Updating Background
Fra:1 Mem:16.20M (Peak 18.67M) | Time:00:00.01 | Mem:0.01M, Peak:0.01M | Scene, ViewLayer | Updating Camera
Fra:1 Mem:16.20M (Peak 18.67M) | Time:00:00.01 | Mem:0.01M, Peak:0.01M | Scene, ViewLayer | Updating Meshes Flags
Fra:1 Mem:16.20M (Peak 18.67M) | Time:00:00.01 | Mem:0.01M, Peak:0.01M | Scene, ViewLayer | Updating Objects
Fra:1 Mem:16.20M (Peak 18.67M) | Time:00:00.01 | Mem:0.01M, Peak:0.01M | Scene, ViewLayer | Updating Objects | Copying Transformations to device
Fra:1 Mem:16.20M (Peak 18.67M) | Time:00:00.01 | Mem:0.01M, Peak:0.01M | Scene, ViewLayer | Updating Particle Systems
Fra:1 Mem:16.20M (Peak 18.67M) | Time:00:00.01 | Mem:0.01M, Peak:0.01M | Scene, ViewLayer | Updating Particle Systems | Copying Particles to device
Fra:1 Mem:16.20M (Peak 18.67M) | Time:00:00.01 | Mem:0.01M, Peak:0.01M | Scene, ViewLayer | Updating Meshes
Fra:1 Mem:17.56M (Peak 18.67M) | Time:00:00.03 | Mem:0.01M, Peak:0.01M | Scene, ViewLayer | Updating Objects | Applying Static Transformations
Fra:1 Mem:17.56M (Peak 18.67M) | Time:00:00.03 | Mem:0.01M, Peak:0.01M | Scene, ViewLayer | Updating Mesh | Computing attributes
Fra:1 Mem:19.42M (Peak 19.42M) | Time:00:00.03 | Mem:0.01M, Peak:0.01M | Scene, ViewLayer | Updating Mesh | Copying Attributes to device
Fra:1 Mem:19.42M (Peak 19.42M) | Time:00:00.03 | Mem:1.86M, Peak:1.86M | Scene, ViewLayer | Updating Scene BVH | Building
Fra:1 Mem:19.42M (Peak 19.42M) | Time:00:00.03 | Mem:1.86M, Peak:1.86M | Scene, ViewLayer | Updating Scene BVH | Building BVH
Fra:1 Mem:19.42M (Peak 19.42M) | Time:00:00.03 | Mem:2.59M, Peak:2.59M | Scene, ViewLayer | Updating Scene BVH | Building BVH 0%
Fra:1 Mem:19.42M (Peak 19.42M) | Time:00:00.03 | Mem:3.38M, Peak:4.11M | Scene, ViewLayer | Updating Scene BVH | Copying BVH to device
Fra:1 Mem:19.42M (Peak 19.42M) | Time:00:00.03 | Mem:3.38M, Peak:4.11M | Scene, ViewLayer | Updating Mesh | Computing normals
Fra:1 Mem:20.23M (Peak 20.23M) | Time:00:00.03 | Mem:3.38M, Peak:4.11M | Scene, ViewLayer | Updating Mesh | Copying Mesh to device
Fra:1 Mem:20.23M (Peak 20.23M) | Time:00:00.03 | Mem:4.19M, Peak:4.19M | Scene, ViewLayer | Updating Objects Flags
Fra:1 Mem:20.23M (Peak 20.23M) | Time:00:00.03 | Mem:4.19M, Peak:4.19M | Scene, ViewLayer | Updating Primitive Offsets
Fra:1 Mem:20.23M (Peak 20.23M) | Time:00:00.03 | Mem:4.19M, Peak:4.19M | Scene, ViewLayer | Updating Images
Fra:1 Mem:20.23M (Peak 20.23M) | Time:00:00.03 | Mem:4.19M, Peak:4.19M | Scene, ViewLayer | Updating Images | Loading cobalt-basecolor.png
Fra:1 Mem:20.23M (Peak 20.23M) | Time:00:00.03 | Mem:4.19M, Peak:4.19M | Scene, ViewLayer | Updating Images | Loading white-basecolor.png
Fra:1 Mem:36.24M (Peak 36.24M) | Time:00:00.05 | Mem:20.19M, Peak:20.19M | Scene, ViewLayer | Updating Camera Volume
Fra:1 Mem:36.24M (Peak 36.24M) | Time:00:00.05 | Mem:20.19M, Peak:20.19M | Scene, ViewLayer | Updating Lookup Tables
Fra:1 Mem:36.24M (Peak 36.24M) | Time:00:00.05 | Mem:20.27M, Peak:20.27M | Scene, ViewLayer | Updating Lights
Fra:1 Mem:36.24M (Peak 36.24M) | Time:00:00.05 | Mem:20.27M, Peak:20.27M | Scene, ViewLayer | Updating Lights | Computing tree
Fra:1 Mem:36.65M (Peak 39.15M) | Time:00:00.06 | Mem:20.68M, Peak:20.68M | Scene, ViewLayer | Updating Integrator
Fra:1 Mem:36.65M (Peak 39.15M) | Time:00:00.06 | Mem:20.68M, Peak:20.68M | Scene, ViewLayer | Updating Film
Fra:1 Mem:36.65M (Peak 39.15M) | Time:00:00.06 | Mem:20.60M, Peak:20.68M | Scene, ViewLayer | Updating Lookup Tables
Fra:1 Mem:36.65M (Peak 39.15M) | Time:00:00.06 | Mem:20.69M, Peak:20.69M | Scene, ViewLayer | Updating Baking
Fra:1 Mem:36.65M (Peak 39.15M) | Time:00:00.06 | Mem:20.69M, Peak:20.69M | Scene, ViewLayer | Updating Device | Writing constant memory
Fra:1 Mem:36.66M (Peak 39.15M) | Time:00:00.06 | Mem:20.69M, Peak:20.69M | Scene, ViewLayer | Loading denoising kernels (may take a few minutes the first time)
Fra:1 Mem:36.66M (Peak 39.15M) | Time:00:00.06 | Mem:20.69M, Peak:20.69M | Scene, ViewLayer | Sample 0/32
Fra:1 Mem:55.79M (Peak 55.79M) | Time:00:00.11 | Remaining:00:01.53 | Mem:39.70M, Peak:39.70M | Scene, ViewLayer | Sample 1/32
Fra:1 Mem:63.79M (Peak 75.79M) | Time:00:02.51 | Mem:39.70M, Peak:39.70M | Scene, ViewLayer | Sample 32/32
Fra:1 Mem:63.79M (Peak 75.79M) | Time:00:02.51 | Mem:39.70M, Peak:39.70M | Scene, ViewLayer | Finished
Saved: 'D:\vibe-coding-e\nova-swarm-forum-129-improvements-20260822\docs\ship-art-v2\export\player.png'
Time: 00:02.60 (Saving: 00:00.09)


Blender quit
