Blender 4.5.13 LTS (hash daeeeca98fb0 built 2026-08-25 01:50:50)
Fra:1 Mem:9.53M (Peak 9.53M) | Time:00:06.75 | Mem:0.00M, Peak:0.00M | Scene, ViewLayer | Synchronizing object | Broad neutral key
Fra:1 Mem:9.53M (Peak 9.53M) | Time:00:06.90 | Mem:0.00M, Peak:0.00M | Scene, ViewLayer | Synchronizing object | Neutral fill
Fra:1 Mem:9.75M (Peak 9.75M) | Time:00:09.21 | Mem:0.00M, Peak:0.00M | Scene, ViewLayer | Synchronizing object | Continuous pressure fuselage
Fra:1 Mem:9.80M (Peak 9.80M) | Time:00:09.21 | Mem:0.00M, Peak:0.00M | Scene, ViewLayer | Synchronizing object | Port blended lifting body
Fra:1 Mem:9.97M (Peak 9.97M) | Time:00:09.26 | Mem:0.00M, Peak:0.00M | Scene, ViewLayer | Synchronizing object | Integrated nacelle shoulder
Fra:1 Mem:10.02M (Peak 10.02M) | Time:00:09.40 | Mem:0.00M, Peak:0.00M | Scene, ViewLayer | Synchronizing object | Starboard blended lifting body
Fra:1 Mem:10.18M (Peak 10.18M) | Time:00:09.43 | Mem:0.00M, Peak:0.00M | Scene, ViewLayer | Synchronizing object | Integrated nacelle shoulder.001
Fra:1 Mem:10.33M (Peak 10.33M) | Time:00:09.46 | Mem:0.00M, Peak:0.00M | Scene, ViewLayer | Synchronizing object | Cockpit integrated coaming
Fra:1 Mem:10.47M (Peak 10.47M) | Time:00:09.49 | Mem:0.00M, Peak:0.00M | Scene, ViewLayer | Synchronizing object | Pressure canopy glazing
Fra:1 Mem:12.53M (Peak 12.53M) | Time:00:11.32 | Mem:0.00M, Peak:0.00M | Scene, ViewLayer | Initializing
Fra:1 Mem:10.03M (Peak 12.53M) | Time:00:11.84 | Mem:0.00M, Peak:0.00M | Scene, ViewLayer | Waiting for render to start
Fra:1 Mem:10.03M (Peak 12.53M) | Time:00:11.90 | Mem:0.00M, Peak:0.00M | Scene, ViewLayer | Updating Scene
Fra:1 Mem:10.03M (Peak 12.53M) | Time:00:12.06 | Mem:0.00M, Peak:0.00M | Scene, ViewLayer | Updating Shaders
Fra:1 Mem:10.03M (Peak 12.53M) | Time:00:12.48 | Mem:0.00M, Peak:0.00M | Scene, ViewLayer | Loading render kernels (may take a few minutes the first time)
Fra:1 Mem:10.11M (Peak 37.40M) | Time:00:14.41 | Mem:0.01M, Peak:0.01M | Scene, ViewLayer | Updating Procedurals
Fra:1 Mem:10.11M (Peak 37.40M) | Time:00:14.41 | Mem:0.01M, Peak:0.01M | Scene, ViewLayer | Updating Background
Fra:1 Mem:10.11M (Peak 37.40M) | Time:00:14.41 | Mem:0.01M, Peak:0.01M | Scene, ViewLayer | Updating Camera
Fra:1 Mem:10.11M (Peak 37.40M) | Time:00:14.48 | Mem:0.01M, Peak:0.01M | Scene, ViewLayer | Updating Meshes Flags
Fra:1 Mem:10.11M (Peak 37.40M) | Time:00:14.49 | Mem:0.01M, Peak:0.01M | Scene, ViewLayer | Updating Objects
Fra:1 Mem:10.11M (Peak 37.40M) | Time:00:14.55 | Mem:0.01M, Peak:0.01M | Scene, ViewLayer | Updating Objects | Copying Transformations to device
Fra:1 Mem:10.11M (Peak 37.40M) | Time:00:14.55 | Mem:0.01M, Peak:0.01M | Scene, ViewLayer | Updating Particle Systems
Fra:1 Mem:10.11M (Peak 37.40M) | Time:00:14.55 | Mem:0.01M, Peak:0.01M | Scene, ViewLayer | Updating Particle Systems | Copying Particles to device
Fra:1 Mem:10.11M (Peak 37.40M) | Time:00:14.55 | Mem:0.01M, Peak:0.01M | Scene, ViewLayer | Updating Meshes
Fra:1 Mem:10.11M (Peak 37.40M) | Time:00:14.74 | Mem:0.01M, Peak:0.01M | Scene, ViewLayer | Updating Objects | Applying Static Transformations
Fra:1 Mem:10.11M (Peak 37.40M) | Time:00:14.83 | Mem:0.01M, Peak:0.01M | Scene, ViewLayer | Updating Mesh | Computing attributes
Fra:1 Mem:10.27M (Peak 37.40M) | Time:00:14.83 | Mem:0.01M, Peak:0.01M | Scene, ViewLayer | Updating Mesh | Copying Attributes to device
Fra:1 Mem:10.27M (Peak 37.40M) | Time:00:14.92 | Mem:0.17M, Peak:0.17M | Scene, ViewLayer | Updating Geometry BVH Mesh 7/10 | Building BVH
Fra:1 Mem:10.27M (Peak 37.40M) | Time:00:14.92 | Mem:0.17M, Peak:0.17M | Scene, ViewLayer | Updating Geometry BVH Mesh 9/10 | Building BVH
Fra:1 Mem:10.27M (Peak 37.40M) | Time:00:15.10 | Mem:0.17M, Peak:0.17M | Scene, ViewLayer | Updating Geometry BVH Mesh 9/10 | Building OptiX acceleration structure
Fra:1 Mem:10.27M (Peak 37.40M) | Time:00:15.18 | Mem:0.84M, Peak:1.29M | Scene, ViewLayer | Updating Scene BVH | Building
Fra:1 Mem:10.27M (Peak 37.40M) | Time:00:15.18 | Mem:0.84M, Peak:1.29M | Scene, ViewLayer | Updating Scene BVH | Building OptiX acceleration structure
Fra:1 Mem:10.27M (Peak 37.40M) | Time:00:15.25 | Mem:0.84M, Peak:1.29M | Scene, ViewLayer | Updating Scene BVH | Copying BVH to device
Fra:1 Mem:10.27M (Peak 37.40M) | Time:00:15.28 | Mem:0.84M, Peak:1.29M | Scene, ViewLayer | Updating Mesh | Computing normals
Fra:1 Mem:11.00M (Peak 37.40M) | Time:00:15.28 | Mem:0.84M, Peak:1.29M | Scene, ViewLayer | Updating Mesh | Copying Mesh to device
Fra:1 Mem:11.00M (Peak 37.40M) | Time:00:15.31 | Mem:1.57M, Peak:1.57M | Scene, ViewLayer | Updating Objects Flags
Fra:1 Mem:11.00M (Peak 37.40M) | Time:00:15.31 | Mem:1.57M, Peak:1.57M | Scene, ViewLayer | Updating Primitive Offsets
Fra:1 Mem:11.00M (Peak 37.40M) | Time:00:15.31 | Mem:1.57M, Peak:1.57M | Scene, ViewLayer | Updating Images
Fra:1 Mem:11.00M (Peak 37.40M) | Time:00:15.31 | Mem:1.57M, Peak:1.57M | Scene, ViewLayer | Updating Camera Volume
Fra:1 Mem:11.00M (Peak 37.40M) | Time:00:15.31 | Mem:1.57M, Peak:1.57M | Scene, ViewLayer | Updating Lookup Tables
Fra:1 Mem:11.00M (Peak 37.40M) | Time:00:15.31 | Mem:1.65M, Peak:1.65M | Scene, ViewLayer | Updating Lights
Fra:1 Mem:11.00M (Peak 37.40M) | Time:00:15.33 | Mem:1.65M, Peak:1.65M | Scene, ViewLayer | Updating Lights | Computing tree
Fra:1 Mem:11.00M (Peak 37.40M) | Time:00:15.46 | Mem:1.65M, Peak:1.65M | Scene, ViewLayer | Updating Integrator
Fra:1 Mem:11.00M (Peak 37.40M) | Time:00:15.46 | Mem:1.65M, Peak:1.65M | Scene, ViewLayer | Updating Film
Fra:1 Mem:11.00M (Peak 37.40M) | Time:00:15.46 | Mem:1.57M, Peak:1.65M | Scene, ViewLayer | Updating Lookup Tables
Fra:1 Mem:11.00M (Peak 37.40M) | Time:00:15.46 | Mem:1.65M, Peak:1.65M | Scene, ViewLayer | Updating Baking
Fra:1 Mem:11.00M (Peak 37.40M) | Time:00:15.46 | Mem:1.65M, Peak:1.65M | Scene, ViewLayer | Updating Device | Writing constant memory
Fra:1 Mem:11.01M (Peak 37.40M) | Time:00:15.73 | Mem:1.65M, Peak:1.65M | Scene, ViewLayer | Loading denoising kernels (may take a few minutes the first time)
Fra:1 Mem:15.01M (Peak 37.40M) | Time:00:15.82 | Mem:353.65M, Peak:353.65M | Scene, ViewLayer | Sample 0/32
Fra:1 Mem:73.00M (Peak 73.00M) | Time:00:15.91 | Remaining:00:07.34 | Mem:411.64M, Peak:411.64M | Scene, ViewLayer | Sample 1/32
Fra:1 Mem:97.42M (Peak 134.04M) | Time:00:24.67 | Mem:411.64M, Peak:411.64M | Scene, ViewLayer | Sample 32/32
Fra:1 Mem:97.42M (Peak 134.04M) | Time:00:24.67 | Mem:411.64M, Peak:411.64M | Scene, ViewLayer | Finished
Saved: 'D:\vibe-coding-e\nova-swarm-forum-129-improvements-20260822\docs\ship-art-v2\studies\01-swept-interceptor-top.png'
Time: 00:27.13 (Saving: 00:02.13)

Fra:1 Mem:9.53M (Peak 9.53M) | Time:00:00.25 | Mem:0.00M, Peak:0.00M | Scene, ViewLayer | Synchronizing object | Broad neutral key
Fra:1 Mem:9.53M (Peak 9.53M) | Time:00:00.25 | Mem:0.00M, Peak:0.00M | Scene, ViewLayer | Synchronizing object | Neutral fill
Fra:1 Mem:9.75M (Peak 9.75M) | Time:00:00.28 | Mem:0.00M, Peak:0.00M | Scene, ViewLayer | Synchronizing object | Continuous pressure fuselage
Fra:1 Mem:10.29M (Peak 10.29M) | Time:00:00.28 | Mem:0.00M, Peak:0.00M | Scene, ViewLayer | Synchronizing object | Port blended lifting body
Fra:1 Mem:10.55M (Peak 10.55M) | Time:00:00.31 | Mem:0.00M, Peak:0.00M | Scene, ViewLayer | Synchronizing object | Integrated nacelle shoulder
Fra:1 Mem:10.97M (Peak 10.97M) | Time:00:00.31 | Mem:0.00M, Peak:0.00M | Scene, ViewLayer | Synchronizing object | Starboard blended lifting body
Fra:1 Mem:11.23M (Peak 11.23M) | Time:00:00.35 | Mem:0.00M, Peak:0.00M | Scene, ViewLayer | Synchronizing object | Integrated nacelle shoulder.001
Fra:1 Mem:11.75M (Peak 11.75M) | Time:00:00.38 | Mem:0.00M, Peak:0.00M | Scene, ViewLayer | Synchronizing object | Cockpit integrated coaming
Fra:1 Mem:12.21M (Peak 12.21M) | Time:00:00.41 | Mem:0.00M, Peak:0.00M | Scene, ViewLayer | Synchronizing object | Pressure canopy glazing
Fra:1 Mem:12.53M (Peak 12.53M) | Time:00:00.41 | Mem:0.00M, Peak:0.00M | Scene, ViewLayer | Initializing
Fra:1 Mem:10.03M (Peak 12.53M) | Time:00:00.42 | Mem:0.00M, Peak:0.00M | Scene, ViewLayer | Waiting for render to start
Fra:1 Mem:10.03M (Peak 12.53M) | Time:00:00.42 | Mem:0.00M, Peak:0.00M | Scene, ViewLayer | Updating Scene
Fra:1 Mem:10.03M (Peak 12.53M) | Time:00:00.42 | Mem:0.00M, Peak:0.00M | Scene, ViewLayer | Updating Shaders
Fra:1 Mem:10.03M (Peak 12.53M) | Time:00:00.42 | Mem:0.00M, Peak:0.00M | Scene, ViewLayer | Loading render kernels (may take a few minutes the first time)
Fra:1 Mem:10.11M (Peak 37.40M) | Time:00:00.80 | Mem:0.01M, Peak:0.01M | Scene, ViewLayer | Updating Procedurals
Fra:1 Mem:10.11M (Peak 37.40M) | Time:00:00.80 | Mem:0.01M, Peak:0.01M | Scene, ViewLayer | Updating Background
Fra:1 Mem:10.11M (Peak 37.40M) | Time:00:00.80 | Mem:0.01M, Peak:0.01M | Scene, ViewLayer | Updating Camera
Fra:1 Mem:10.11M (Peak 37.40M) | Time:00:00.80 | Mem:0.01M, Peak:0.01M | Scene, ViewLayer | Updating Meshes Flags
Fra:1 Mem:10.11M (Peak 37.40M) | Time:00:00.80 | Mem:0.01M, Peak:0.01M | Scene, ViewLayer | Updating Objects
Fra:1 Mem:10.11M (Peak 37.40M) | Time:00:00.80 | Mem:0.01M, Peak:0.01M | Scene, ViewLayer | Updating Objects | Copying Transformations to device
Fra:1 Mem:10.11M (Peak 37.40M) | Time:00:00.80 | Mem:0.01M, Peak:0.01M | Scene, ViewLayer | Updating Particle Systems
Fra:1 Mem:10.11M (Peak 37.40M) | Time:00:00.80 | Mem:0.01M, Peak:0.01M | Scene, ViewLayer | Updating Particle Systems | Copying Particles to device
Fra:1 Mem:10.11M (Peak 37.40M) | Time:00:00.80 | Mem:0.01M, Peak:0.01M | Scene, ViewLayer | Updating Meshes
Fra:1 Mem:10.11M (Peak 37.40M) | Time:00:00.80 | Mem:0.01M, Peak:0.01M | Scene, ViewLayer | Updating Objects | Applying Static Transformations
Fra:1 Mem:10.11M (Peak 37.40M) | Time:00:00.80 | Mem:0.01M, Peak:0.01M | Scene, ViewLayer | Updating Mesh | Computing attributes
Fra:1 Mem:10.27M (Peak 37.40M) | Time:00:00.80 | Mem:0.01M, Peak:0.01M | Scene, ViewLayer | Updating Mesh | Copying Attributes to device
Fra:1 Mem:10.27M (Peak 37.40M) | Time:00:00.80 | Mem:0.17M, Peak:0.17M | Scene, ViewLayer | Updating Geometry BVH light 11/10 | Building BVH
Fra:1 Mem:10.27M (Peak 37.40M) | Time:00:00.80 | Mem:0.17M, Peak:0.17M | Scene, ViewLayer | Updating Geometry BVH Mesh 4/10 | Building BVH
Fra:1 Mem:10.27M (Peak 37.40M) | Time:00:00.80 | Mem:0.17M, Peak:0.17M | Scene, ViewLayer | Updating Geometry BVH Mesh 9/10 | Building OptiX acceleration structure
Fra:1 Mem:10.40M (Peak 37.40M) | Time:00:00.80 | Mem:0.17M, Peak:0.17M | Scene, ViewLayer | Updating Geometry BVH Mesh 10/10 | Building OptiX acceleration structure
Fra:1 Mem:10.27M (Peak 37.40M) | Time:00:00.81 | Mem:0.84M, Peak:1.27M | Scene, ViewLayer | Updating Scene BVH | Building
Fra:1 Mem:10.27M (Peak 37.40M) | Time:00:00.81 | Mem:0.84M, Peak:1.27M | Scene, ViewLayer | Updating Scene BVH | Building OptiX acceleration structure
Fra:1 Mem:10.27M (Peak 37.40M) | Time:00:00.81 | Mem:0.84M, Peak:1.27M | Scene, ViewLayer | Updating Scene BVH | Copying BVH to device
Fra:1 Mem:10.27M (Peak 37.40M) | Time:00:00.81 | Mem:0.84M, Peak:1.27M | Scene, ViewLayer | Updating Mesh | Computing normals
Fra:1 Mem:11.00M (Peak 37.40M) | Time:00:00.81 | Mem:0.84M, Peak:1.27M | Scene, ViewLayer | Updating Mesh | Copying Mesh to device
Fra:1 Mem:11.00M (Peak 37.40M) | Time:00:00.81 | Mem:1.57M, Peak:1.57M | Scene, ViewLayer | Updating Objects Flags
Fra:1 Mem:11.00M (Peak 37.40M) | Time:00:00.81 | Mem:1.57M, Peak:1.57M | Scene, ViewLayer | Updating Primitive Offsets
Fra:1 Mem:11.00M (Peak 37.40M) | Time:00:00.82 | Mem:1.57M, Peak:1.57M | Scene, ViewLayer | Updating Images
Fra:1 Mem:11.00M (Peak 37.40M) | Time:00:00.82 | Mem:1.57M, Peak:1.57M | Scene, ViewLayer | Updating Camera Volume
Fra:1 Mem:11.00M (Peak 37.40M) | Time:00:00.82 | Mem:1.57M, Peak:1.57M | Scene, ViewLayer | Updating Lookup Tables
Fra:1 Mem:11.00M (Peak 37.40M) | Time:00:00.82 | Mem:1.65M, Peak:1.65M | Scene, ViewLayer | Updating Lights
Fra:1 Mem:11.00M (Peak 37.40M) | Time:00:00.82 | Mem:1.65M, Peak:1.65M | Scene, ViewLayer | Updating Lights | Computing tree
Fra:1 Mem:11.00M (Peak 37.40M) | Time:00:00.82 | Mem:1.65M, Peak:1.65M | Scene, ViewLayer | Updating Integrator
Fra:1 Mem:11.00M (Peak 37.40M) | Time:00:00.82 | Mem:1.65M, Peak:1.65M | Scene, ViewLayer | Updating Film
Fra:1 Mem:11.00M (Peak 37.40M) | Time:00:00.82 | Mem:1.57M, Peak:1.65M | Scene, ViewLayer | Updating Lookup Tables
Fra:1 Mem:11.00M (Peak 37.40M) | Time:00:00.82 | Mem:1.65M, Peak:1.65M | Scene, ViewLayer | Updating Baking
Fra:1 Mem:11.00M (Peak 37.40M) | Time:00:00.82 | Mem:1.65M, Peak:1.65M | Scene, ViewLayer | Updating Device | Writing constant memory
Fra:1 Mem:11.01M (Peak 37.40M) | Time:00:00.82 | Mem:1.65M, Peak:1.65M | Scene, ViewLayer | Loading denoising kernels (may take a few minutes the first time)
Fra:1 Mem:15.01M (Peak 37.40M) | Time:00:00.87 | Mem:353.65M, Peak:353.65M | Scene, ViewLayer | Sample 0/32
Fra:1 Mem:73.00M (Peak 73.00M) | Time:00:00.92 | Remaining:00:01.48 | Mem:411.64M, Peak:411.64M | Scene, ViewLayer | Sample 1/32
Fra:1 Mem:97.42M (Peak 134.04M) | Time:00:04.85 | Mem:411.64M, Peak:411.64M | Scene, ViewLayer | Sample 32/32
Fra:1 Mem:97.42M (Peak 134.04M) | Time:00:04.85 | Mem:411.64M, Peak:411.64M | Scene, ViewLayer | Finished
Saved: 'D:\vibe-coding-e\nova-swarm-forum-129-improvements-20260822\docs\ship-art-v2\studies\01-swept-interceptor-clay.png'
Time: 00:05.18 (Saving: 00:00.18)

Fra:1 Mem:9.62M (Peak 9.62M) | Time:00:00.18 | Mem:0.00M, Peak:0.00M | Scene, ViewLayer | Synchronizing object | Broad neutral key
Fra:1 Mem:9.62M (Peak 9.62M) | Time:00:00.18 | Mem:0.00M, Peak:0.00M | Scene, ViewLayer | Synchronizing object | Neutral fill
Fra:1 Mem:9.84M (Peak 9.84M) | Time:00:00.25 | Mem:0.00M, Peak:0.00M | Scene, ViewLayer | Synchronizing object | Continuous pressure fuselage
Fra:1 Mem:10.37M (Peak 10.37M) | Time:00:00.26 | Mem:0.00M, Peak:0.00M | Scene, ViewLayer | Synchronizing object | Port blended lifting body
Fra:1 Mem:10.61M (Peak 10.61M) | Time:00:00.29 | Mem:0.00M, Peak:0.00M | Scene, ViewLayer | Synchronizing object | Integrated nacelle shoulder
Fra:1 Mem:11.02M (Peak 11.02M) | Time:00:00.29 | Mem:0.00M, Peak:0.00M | Scene, ViewLayer | Synchronizing object | Starboard blended lifting body
Fra:1 Mem:11.26M (Peak 11.26M) | Time:00:00.32 | Mem:0.00M, Peak:0.00M | Scene, ViewLayer | Synchronizing object | Integrated nacelle shoulder.001
Fra:1 Mem:11.78M (Peak 11.78M) | Time:00:00.35 | Mem:0.00M, Peak:0.00M | Scene, ViewLayer | Synchronizing object | Cockpit integrated coaming
Fra:1 Mem:12.24M (Peak 12.24M) | Time:00:00.38 | Mem:0.00M, Peak:0.00M | Scene, ViewLayer | Synchronizing object | Pressure canopy glazing
Fra:1 Mem:12.56M (Peak 12.56M) | Time:00:00.39 | Mem:0.00M, Peak:0.00M | Scene, ViewLayer | Initializing
Fra:1 Mem:10.10M (Peak 12.56M) | Time:00:00.39 | Mem:0.00M, Peak:0.00M | Scene, ViewLayer | Waiting for render to start
Fra:1 Mem:10.10M (Peak 12.56M) | Time:00:00.39 | Mem:0.00M, Peak:0.00M | Scene, ViewLayer | Updating Scene
Fra:1 Mem:10.10M (Peak 12.56M) | Time:00:00.39 | Mem:0.00M, Peak:0.00M | Scene, ViewLayer | Updating Shaders
Fra:1 Mem:10.10M (Peak 12.56M) | Time:00:00.39 | Mem:0.00M, Peak:0.00M | Scene, ViewLayer | Loading render kernels (may take a few minutes the first time)
Fra:1 Mem:10.18M (Peak 37.47M) | Time:00:00.53 | Mem:0.01M, Peak:0.01M | Scene, ViewLayer | Updating Procedurals
Fra:1 Mem:10.18M (Peak 37.47M) | Time:00:00.53 | Mem:0.01M, Peak:0.01M | Scene, ViewLayer | Updating Background
Fra:1 Mem:10.18M (Peak 37.47M) | Time:00:00.53 | Mem:0.01M, Peak:0.01M | Scene, ViewLayer | Updating Camera
Fra:1 Mem:10.18M (Peak 37.47M) | Time:00:00.53 | Mem:0.01M, Peak:0.01M | Scene, ViewLayer | Updating Meshes Flags
Fra:1 Mem:10.18M (Peak 37.47M) | Time:00:00.53 | Mem:0.01M, Peak:0.01M | Scene, ViewLayer | Updating Objects
Fra:1 Mem:10.18M (Peak 37.47M) | Time:00:00.53 | Mem:0.01M, Peak:0.01M | Scene, ViewLayer | Updating Objects | Copying Transformations to device
Fra:1 Mem:10.18M (Peak 37.47M) | Time:00:00.53 | Mem:0.01M, Peak:0.01M | Scene, ViewLayer | Updating Particle Systems
Fra:1 Mem:10.18M (Peak 37.47M) | Time:00:00.53 | Mem:0.01M, Peak:0.01M | Scene, ViewLayer | Updating Particle Systems | Copying Particles to device
Fra:1 Mem:10.18M (Peak 37.47M) | Time:00:00.53 | Mem:0.01M, Peak:0.01M | Scene, ViewLayer | Updating Meshes
Fra:1 Mem:10.18M (Peak 37.47M) | Time:00:00.53 | Mem:0.01M, Peak:0.01M | Scene, ViewLayer | Updating Objects | Applying Static Transformations
Fra:1 Mem:10.18M (Peak 37.47M) | Time:00:00.53 | Mem:0.01M, Peak:0.01M | Scene, ViewLayer | Updating Mesh | Computing attributes
Fra:1 Mem:10.34M (Peak 37.47M) | Time:00:00.53 | Mem:0.01M, Peak:0.01M | Scene, ViewLayer | Updating Mesh | Copying Attributes to device
Fra:1 Mem:10.34M (Peak 37.47M) | Time:00:00.53 | Mem:0.16M, Peak:0.16M | Scene, ViewLayer | Updating Geometry BVH light 11/10 | Building BVH
Fra:1 Mem:10.34M (Peak 37.47M) | Time:00:00.53 | Mem:0.16M, Peak:0.16M | Scene, ViewLayer | Updating Geometry BVH Mesh 10/10 | Building OptiX acceleration structure
Fra:1 Mem:10.34M (Peak 37.47M) | Time:00:00.55 | Mem:0.82M, Peak:1.30M | Scene, ViewLayer | Updating Scene BVH | Building
Fra:1 Mem:10.34M (Peak 37.47M) | Time:00:00.55 | Mem:0.82M, Peak:1.30M | Scene, ViewLayer | Updating Scene BVH | Building OptiX acceleration structure
Fra:1 Mem:10.34M (Peak 37.47M) | Time:00:00.55 | Mem:0.82M, Peak:1.30M | Scene, ViewLayer | Updating Scene BVH | Copying BVH to device
Fra:1 Mem:10.34M (Peak 37.47M) | Time:00:00.55 | Mem:0.82M, Peak:1.30M | Scene, ViewLayer | Updating Mesh | Computing normals
Fra:1 Mem:11.05M (Peak 37.47M) | Time:00:00.55 | Mem:0.82M, Peak:1.30M | Scene, ViewLayer | Updating Mesh | Copying Mesh to device
Fra:1 Mem:11.05M (Peak 37.47M) | Time:00:00.55 | Mem:1.54M, Peak:1.54M | Scene, ViewLayer | Updating Objects Flags
Fra:1 Mem:11.05M (Peak 37.47M) | Time:00:00.55 | Mem:1.54M, Peak:1.54M | Scene, ViewLayer | Updating Primitive Offsets
Fra:1 Mem:11.05M (Peak 37.47M) | Time:00:00.55 | Mem:1.54M, Peak:1.54M | Scene, ViewLayer | Updating Images
Fra:1 Mem:11.05M (Peak 37.47M) | Time:00:00.55 | Mem:1.54M, Peak:1.54M | Scene, ViewLayer | Updating Camera Volume
Fra:1 Mem:11.05M (Peak 37.47M) | Time:00:00.55 | Mem:1.54M, Peak:1.54M | Scene, ViewLayer | Updating Lookup Tables
Fra:1 Mem:11.05M (Peak 37.47M) | Time:00:00.55 | Mem:1.62M, Peak:1.62M | Scene, ViewLayer | Updating Lights
Fra:1 Mem:11.05M (Peak 37.47M) | Time:00:00.55 | Mem:1.62M, Peak:1.62M | Scene, ViewLayer | Updating Lights | Computing tree
Fra:1 Mem:11.05M (Peak 37.47M) | Time:00:00.55 | Mem:1.62M, Peak:1.62M | Scene, ViewLayer | Updating Integrator
Fra:1 Mem:11.05M (Peak 37.47M) | Time:00:00.55 | Mem:1.62M, Peak:1.62M | Scene, ViewLayer | Updating Film
Fra:1 Mem:11.06M (Peak 37.47M) | Time:00:00.55 | Mem:1.54M, Peak:1.62M | Scene, ViewLayer | Updating Lookup Tables
Fra:1 Mem:11.06M (Peak 37.47M) | Time:00:00.56 | Mem:1.62M, Peak:1.62M | Scene, ViewLayer | Updating Baking
Fra:1 Mem:11.06M (Peak 37.47M) | Time:00:00.56 | Mem:1.62M, Peak:1.62M | Scene, ViewLayer | Updating Device | Writing constant memory
Fra:1 Mem:11.06M (Peak 37.47M) | Time:00:00.56 | Mem:1.62M, Peak:1.62M | Scene, ViewLayer | Loading denoising kernels (may take a few minutes the first time)
Fra:1 Mem:15.06M (Peak 37.47M) | Time:00:00.59 | Mem:353.63M, Peak:353.63M | Scene, ViewLayer | Sample 0/32
Fra:1 Mem:73.05M (Peak 73.05M) | Time:00:00.64 | Remaining:00:01.82 | Mem:411.61M, Peak:411.61M | Scene, ViewLayer | Sample 1/32
Fra:1 Mem:97.47M (Peak 134.09M) | Time:00:04.67 | Mem:411.61M, Peak:411.61M | Scene, ViewLayer | Sample 32/32
Fra:1 Mem:97.47M (Peak 134.09M) | Time:00:04.67 | Mem:411.61M, Peak:411.61M | Scene, ViewLayer | Finished
Saved: 'D:\vibe-coding-e\nova-swarm-forum-129-improvements-20260822\docs\ship-art-v2\studies\02-cranked-arrow-top.png'
Time: 00:05.09 (Saving: 00:00.30)

Fra:1 Mem:9.62M (Peak 9.62M) | Time:00:00.17 | Mem:0.00M, Peak:0.00M | Scene, ViewLayer | Synchronizing object | Broad neutral key
Fra:1 Mem:9.62M (Peak 9.62M) | Time:00:00.17 | Mem:0.00M, Peak:0.00M | Scene, ViewLayer | Synchronizing object | Neutral fill
Fra:1 Mem:9.84M (Peak 9.84M) | Time:00:00.20 | Mem:0.00M, Peak:0.00M | Scene, ViewLayer | Synchronizing object | Continuous pressure fuselage
Fra:1 Mem:10.37M (Peak 10.37M) | Time:00:00.20 | Mem:0.00M, Peak:0.00M | Scene, ViewLayer | Synchronizing object | Port blended lifting body
Fra:1 Mem:10.61M (Peak 10.61M) | Time:00:00.23 | Mem:0.00M, Peak:0.00M | Scene, ViewLayer | Synchronizing object | Integrated nacelle shoulder
Fra:1 Mem:11.02M (Peak 11.02M) | Time:00:00.23 | Mem:0.00M, Peak:0.00M | Scene, ViewLayer | Synchronizing object | Starboard blended lifting body
Fra:1 Mem:11.26M (Peak 11.26M) | Time:00:00.26 | Mem:0.00M, Peak:0.00M | Scene, ViewLayer | Synchronizing object | Integrated nacelle shoulder.001
Fra:1 Mem:11.78M (Peak 11.78M) | Time:00:00.29 | Mem:0.00M, Peak:0.00M | Scene, ViewLayer | Synchronizing object | Cockpit integrated coaming
Fra:1 Mem:12.24M (Peak 12.24M) | Time:00:00.32 | Mem:0.00M, Peak:0.00M | Scene, ViewLayer | Synchronizing object | Pressure canopy glazing
Fra:1 Mem:12.56M (Peak 12.56M) | Time:00:00.32 | Mem:0.00M, Peak:0.00M | Scene, ViewLayer | Initializing
Fra:1 Mem:10.10M (Peak 12.56M) | Time:00:00.32 | Mem:0.00M, Peak:0.00M | Scene, ViewLayer | Waiting for render to start
Fra:1 Mem:10.10M (Peak 12.56M) | Time:00:00.32 | Mem:0.00M, Peak:0.00M | Scene, ViewLayer | Updating Scene
Fra:1 Mem:10.10M (Peak 12.56M) | Time:00:00.32 | Mem:0.00M, Peak:0.00M | Scene, ViewLayer | Updating Shaders
Fra:1 Mem:10.10M (Peak 12.56M) | Time:00:00.32 | Mem:0.00M, Peak:0.00M | Scene, ViewLayer | Loading render kernels (may take a few minutes the first time)
Fra:1 Mem:10.18M (Peak 37.47M) | Time:00:00.44 | Mem:0.01M, Peak:0.01M | Scene, ViewLayer | Updating Procedurals
Fra:1 Mem:10.18M (Peak 37.47M) | Time:00:00.44 | Mem:0.01M, Peak:0.01M | Scene, ViewLayer | Updating Background
Fra:1 Mem:10.18M (Peak 37.47M) | Time:00:00.44 | Mem:0.01M, Peak:0.01M | Scene, ViewLayer | Updating Camera
Fra:1 Mem:10.18M (Peak 37.47M) | Time:00:00.44 | Mem:0.01M, Peak:0.01M | Scene, ViewLayer | Updating Meshes Flags
Fra:1 Mem:10.18M (Peak 37.47M) | Time:00:00.44 | Mem:0.01M, Peak:0.01M | Scene, ViewLayer | Updating Objects
Fra:1 Mem:10.18M (Peak 37.47M) | Time:00:00.44 | Mem:0.01M, Peak:0.01M | Scene, ViewLayer | Updating Objects | Copying Transformations to device
Fra:1 Mem:10.18M (Peak 37.47M) | Time:00:00.44 | Mem:0.01M, Peak:0.01M | Scene, ViewLayer | Updating Particle Systems
Fra:1 Mem:10.18M (Peak 37.47M) | Time:00:00.44 | Mem:0.01M, Peak:0.01M | Scene, ViewLayer | Updating Particle Systems | Copying Particles to device
Fra:1 Mem:10.18M (Peak 37.47M) | Time:00:00.44 | Mem:0.01M, Peak:0.01M | Scene, ViewLayer | Updating Meshes
Fra:1 Mem:10.18M (Peak 37.47M) | Time:00:00.44 | Mem:0.01M, Peak:0.01M | Scene, ViewLayer | Updating Objects | Applying Static Transformations
Fra:1 Mem:10.18M (Peak 37.47M) | Time:00:00.44 | Mem:0.01M, Peak:0.01M | Scene, ViewLayer | Updating Mesh | Computing attributes
Fra:1 Mem:10.34M (Peak 37.47M) | Time:00:00.44 | Mem:0.01M, Peak:0.01M | Scene, ViewLayer | Updating Mesh | Copying Attributes to device
Fra:1 Mem:10.34M (Peak 37.47M) | Time:00:00.44 | Mem:0.16M, Peak:0.16M | Scene, ViewLayer | Updating Geometry BVH light 11/10 | Building BVH
Fra:1 Mem:10.34M (Peak 37.47M) | Time:00:00.44 | Mem:0.16M, Peak:0.16M | Scene, ViewLayer | Updating Geometry BVH Mesh 5/10 | Building BVH
Fra:1 Mem:10.34M (Peak 37.47M) | Time:00:00.44 | Mem:0.16M, Peak:0.16M | Scene, ViewLayer | Updating Geometry BVH Mesh 8/10 | Building OptiX acceleration structure
Fra:1 Mem:10.34M (Peak 37.47M) | Time:00:00.45 | Mem:0.82M, Peak:1.30M | Scene, ViewLayer | Updating Scene BVH | Building
Fra:1 Mem:10.34M (Peak 37.47M) | Time:00:00.45 | Mem:0.82M, Peak:1.30M | Scene, ViewLayer | Updating Scene BVH | Building OptiX acceleration structure
Fra:1 Mem:10.34M (Peak 37.47M) | Time:00:00.45 | Mem:0.82M, Peak:1.30M | Scene, ViewLayer | Updating Scene BVH | Copying BVH to device
Fra:1 Mem:10.34M (Peak 37.47M) | Time:00:00.45 | Mem:0.82M, Peak:1.30M | Scene, ViewLayer | Updating Mesh | Computing normals
Fra:1 Mem:11.05M (Peak 37.47M) | Time:00:00.45 | Mem:0.82M, Peak:1.30M | Scene, ViewLayer | Updating Mesh | Copying Mesh to device
Fra:1 Mem:11.05M (Peak 37.47M) | Time:00:00.45 | Mem:1.54M, Peak:1.54M | Scene, ViewLayer | Updating Objects Flags
Fra:1 Mem:11.05M (Peak 37.47M) | Time:00:00.45 | Mem:1.54M, Peak:1.54M | Scene, ViewLayer | Updating Primitive Offsets
Fra:1 Mem:11.05M (Peak 37.47M) | Time:00:00.45 | Mem:1.54M, Peak:1.54M | Scene, ViewLayer | Updating Images
Fra:1 Mem:11.05M (Peak 37.47M) | Time:00:00.45 | Mem:1.54M, Peak:1.54M | Scene, ViewLayer | Updating Camera Volume
Fra:1 Mem:11.05M (Peak 37.47M) | Time:00:00.45 | Mem:1.54M, Peak:1.54M | Scene, ViewLayer | Updating Lookup Tables
Fra:1 Mem:11.05M (Peak 37.47M) | Time:00:00.45 | Mem:1.62M, Peak:1.62M | Scene, ViewLayer | Updating Lights
Fra:1 Mem:11.05M (Peak 37.47M) | Time:00:00.45 | Mem:1.62M, Peak:1.62M | Scene, ViewLayer | Updating Lights | Computing tree
Fra:1 Mem:11.05M (Peak 37.47M) | Time:00:00.45 | Mem:1.62M, Peak:1.62M | Scene, ViewLayer | Updating Integrator
Fra:1 Mem:11.05M (Peak 37.47M) | Time:00:00.45 | Mem:1.62M, Peak:1.62M | Scene, ViewLayer | Updating Film
Fra:1 Mem:11.06M (Peak 37.47M) | Time:00:00.45 | Mem:1.54M, Peak:1.62M | Scene, ViewLayer | Updating Lookup Tables
Fra:1 Mem:11.06M (Peak 37.47M) | Time:00:00.45 | Mem:1.62M, Peak:1.62M | Scene, ViewLayer | Updating Baking
Fra:1 Mem:11.06M (Peak 37.47M) | Time:00:00.45 | Mem:1.62M, Peak:1.62M | Scene, ViewLayer | Updating Device | Writing constant memory
Fra:1 Mem:11.06M (Peak 37.47M) | Time:00:00.45 | Mem:1.62M, Peak:1.62M | Scene, ViewLayer | Loading denoising kernels (may take a few minutes the first time)
Fra:1 Mem:15.06M (Peak 37.47M) | Time:00:00.47 | Mem:353.63M, Peak:353.63M | Scene, ViewLayer | Sample 0/32
Fra:1 Mem:73.05M (Peak 73.05M) | Time:00:00.49 | Remaining:00:00.49 | Mem:411.61M, Peak:411.61M | Scene, ViewLayer | Sample 1/32
Fra:1 Mem:97.47M (Peak 134.09M) | Time:00:04.22 | Mem:411.61M, Peak:411.61M | Scene, ViewLayer | Sample 32/32
Fra:1 Mem:97.47M (Peak 134.09M) | Time:00:04.22 | Mem:411.61M, Peak:411.61M | Scene, ViewLayer | Finished
Saved: 'D:\vibe-coding-e\nova-swarm-forum-129-improvements-20260822\docs\ship-art-v2\studies\02-cranked-arrow-clay.png'
Time: 00:04.52 (Saving: 00:00.20)

Fra:1 Mem:9.71M (Peak 9.71M) | Time:00:00.18 | Mem:0.00M, Peak:0.00M | Scene, ViewLayer | Synchronizing object | Broad neutral key
Fra:1 Mem:9.71M (Peak 9.71M) | Time:00:00.18 | Mem:0.00M, Peak:0.00M | Scene, ViewLayer | Synchronizing object | Neutral fill
Fra:1 Mem:9.93M (Peak 9.93M) | Time:00:00.21 | Mem:0.00M, Peak:0.00M | Scene, ViewLayer | Synchronizing object | Continuous pressure fuselage
Fra:1 Mem:10.46M (Peak 10.46M) | Time:00:00.21 | Mem:0.00M, Peak:0.00M | Scene, ViewLayer | Synchronizing object | Port blended lifting body
Fra:1 Mem:10.70M (Peak 10.70M) | Time:00:00.24 | Mem:0.00M, Peak:0.00M | Scene, ViewLayer | Synchronizing object | Integrated nacelle shoulder
Fra:1 Mem:11.11M (Peak 11.11M) | Time:00:00.24 | Mem:0.00M, Peak:0.00M | Scene, ViewLayer | Synchronizing object | Starboard blended lifting body
Fra:1 Mem:11.35M (Peak 11.35M) | Time:00:00.27 | Mem:0.00M, Peak:0.00M | Scene, ViewLayer | Synchronizing object | Integrated nacelle shoulder.001
Fra:1 Mem:11.87M (Peak 11.87M) | Time:00:00.30 | Mem:0.00M, Peak:0.00M | Scene, ViewLayer | Synchronizing object | Cockpit integrated coaming
Fra:1 Mem:12.33M (Peak 12.33M) | Time:00:00.32 | Mem:0.00M, Peak:0.00M | Scene, ViewLayer | Synchronizing object | Pressure canopy glazing
Fra:1 Mem:12.65M (Peak 12.65M) | Time:00:00.32 | Mem:0.00M, Peak:0.00M | Scene, ViewLayer | Initializing
Fra:1 Mem:10.19M (Peak 12.65M) | Time:00:00.32 | Mem:0.00M, Peak:0.00M | Scene, ViewLayer | Waiting for render to start
Fra:1 Mem:10.19M (Peak 12.65M) | Time:00:00.32 | Mem:0.00M, Peak:0.00M | Scene, ViewLayer | Updating Scene
Fra:1 Mem:10.19M (Peak 12.65M) | Time:00:00.32 | Mem:0.00M, Peak:0.00M | Scene, ViewLayer | Updating Shaders
Fra:1 Mem:10.19M (Peak 12.65M) | Time:00:00.32 | Mem:0.00M, Peak:0.00M | Scene, ViewLayer | Loading render kernels (may take a few minutes the first time)
Fra:1 Mem:10.27M (Peak 37.56M) | Time:00:00.44 | Mem:0.01M, Peak:0.01M | Scene, ViewLayer | Updating Procedurals
Fra:1 Mem:10.27M (Peak 37.56M) | Time:00:00.44 | Mem:0.01M, Peak:0.01M | Scene, ViewLayer | Updating Background
Fra:1 Mem:10.27M (Peak 37.56M) | Time:00:00.44 | Mem:0.01M, Peak:0.01M | Scene, ViewLayer | Updating Camera
Fra:1 Mem:10.27M (Peak 37.56M) | Time:00:00.44 | Mem:0.01M, Peak:0.01M | Scene, ViewLayer | Updating Meshes Flags
Fra:1 Mem:10.27M (Peak 37.56M) | Time:00:00.44 | Mem:0.01M, Peak:0.01M | Scene, ViewLayer | Updating Objects
Fra:1 Mem:10.27M (Peak 37.56M) | Time:00:00.44 | Mem:0.01M, Peak:0.01M | Scene, ViewLayer | Updating Objects | Copying Transformations to device
Fra:1 Mem:10.28M (Peak 37.56M) | Time:00:00.44 | Mem:0.01M, Peak:0.01M | Scene, ViewLayer | Updating Particle Systems
Fra:1 Mem:10.28M (Peak 37.56M) | Time:00:00.44 | Mem:0.01M, Peak:0.01M | Scene, ViewLayer | Updating Particle Systems | Copying Particles to device
Fra:1 Mem:10.28M (Peak 37.56M) | Time:00:00.44 | Mem:0.01M, Peak:0.01M | Scene, ViewLayer | Updating Meshes
Fra:1 Mem:10.28M (Peak 37.56M) | Time:00:00.44 | Mem:0.01M, Peak:0.01M | Scene, ViewLayer | Updating Objects | Applying Static Transformations
Fra:1 Mem:10.28M (Peak 37.56M) | Time:00:00.44 | Mem:0.01M, Peak:0.01M | Scene, ViewLayer | Updating Mesh | Computing attributes
Fra:1 Mem:10.43M (Peak 37.56M) | Time:00:00.45 | Mem:0.01M, Peak:0.01M | Scene, ViewLayer | Updating Mesh | Copying Attributes to device
Fra:1 Mem:10.43M (Peak 37.56M) | Time:00:00.45 | Mem:0.16M, Peak:0.16M | Scene, ViewLayer | Updating Geometry BVH light 11/10 | Building BVH
Fra:1 Mem:10.43M (Peak 37.56M) | Time:00:00.45 | Mem:0.16M, Peak:0.16M | Scene, ViewLayer | Updating Geometry BVH Mesh 7/10 | Building BVH
Fra:1 Mem:10.43M (Peak 37.56M) | Time:00:00.45 | Mem:0.16M, Peak:0.16M | Scene, ViewLayer | Updating Geometry BVH Mesh 10/10 | Building BVH
Fra:1 Mem:10.43M (Peak 37.56M) | Time:00:00.45 | Mem:0.16M, Peak:0.16M | Scene, ViewLayer | Updating Geometry BVH Mesh 10/10 | Building OptiX acceleration structure
Fra:1 Mem:10.43M (Peak 37.56M) | Time:00:00.45 | Mem:0.82M, Peak:1.30M | Scene, ViewLayer | Updating Scene BVH | Building
Fra:1 Mem:10.43M (Peak 37.56M) | Time:00:00.45 | Mem:0.82M, Peak:1.30M | Scene, ViewLayer | Updating Scene BVH | Building OptiX acceleration structure
Fra:1 Mem:10.43M (Peak 37.56M) | Time:00:00.45 | Mem:0.82M, Peak:1.30M | Scene, ViewLayer | Updating Scene BVH | Copying BVH to device
Fra:1 Mem:10.43M (Peak 37.56M) | Time:00:00.45 | Mem:0.82M, Peak:1.30M | Scene, ViewLayer | Updating Mesh | Computing normals
Fra:1 Mem:11.14M (Peak 37.56M) | Time:00:00.45 | Mem:0.82M, Peak:1.30M | Scene, ViewLayer | Updating Mesh | Copying Mesh to device
Fra:1 Mem:11.14M (Peak 37.56M) | Time:00:00.45 | Mem:1.54M, Peak:1.54M | Scene, ViewLayer | Updating Objects Flags
Fra:1 Mem:11.14M (Peak 37.56M) | Time:00:00.45 | Mem:1.54M, Peak:1.54M | Scene, ViewLayer | Updating Primitive Offsets
Fra:1 Mem:11.14M (Peak 37.56M) | Time:00:00.45 | Mem:1.54M, Peak:1.54M | Scene, ViewLayer | Updating Images
Fra:1 Mem:11.14M (Peak 37.56M) | Time:00:00.45 | Mem:1.54M, Peak:1.54M | Scene, ViewLayer | Updating Camera Volume
Fra:1 Mem:11.14M (Peak 37.56M) | Time:00:00.45 | Mem:1.54M, Peak:1.54M | Scene, ViewLayer | Updating Lookup Tables
Fra:1 Mem:11.14M (Peak 37.56M) | Time:00:00.45 | Mem:1.62M, Peak:1.62M | Scene, ViewLayer | Updating Lights
Fra:1 Mem:11.14M (Peak 37.56M) | Time:00:00.45 | Mem:1.62M, Peak:1.62M | Scene, ViewLayer | Updating Lights | Computing tree
Fra:1 Mem:11.14M (Peak 37.56M) | Time:00:00.46 | Mem:1.62M, Peak:1.62M | Scene, ViewLayer | Updating Integrator
Fra:1 Mem:11.14M (Peak 37.56M) | Time:00:00.46 | Mem:1.62M, Peak:1.62M | Scene, ViewLayer | Updating Film
Fra:1 Mem:11.15M (Peak 37.56M) | Time:00:00.46 | Mem:1.54M, Peak:1.62M | Scene, ViewLayer | Updating Lookup Tables
Fra:1 Mem:11.15M (Peak 37.56M) | Time:00:00.46 | Mem:1.62M, Peak:1.62M | Scene, ViewLayer | Updating Baking
Fra:1 Mem:11.15M (Peak 37.56M) | Time:00:00.46 | Mem:1.62M, Peak:1.62M | Scene, ViewLayer | Updating Device | Writing constant memory
Fra:1 Mem:11.15M (Peak 37.56M) | Time:00:00.46 | Mem:1.62M, Peak:1.62M | Scene, ViewLayer | Loading denoising kernels (may take a few minutes the first time)
Fra:1 Mem:15.15M (Peak 37.56M) | Time:00:00.48 | Mem:353.63M, Peak:353.63M | Scene, ViewLayer | Sample 0/32
Fra:1 Mem:73.14M (Peak 73.14M) | Time:00:00.52 | Remaining:00:01.01 | Mem:411.61M, Peak:411.61M | Scene, ViewLayer | Sample 1/32
Fra:1 Mem:97.56M (Peak 134.18M) | Time:00:04.41 | Mem:411.61M, Peak:411.61M | Scene, ViewLayer | Sample 32/32
Fra:1 Mem:97.56M (Peak 134.18M) | Time:00:04.41 | Mem:411.61M, Peak:411.61M | Scene, ViewLayer | Finished
Saved: 'D:\vibe-coding-e\nova-swarm-forum-129-improvements-20260822\docs\ship-art-v2\studies\03-forward-sweep-top.png'
Time: 00:04.68 (Saving: 00:00.17)

Fra:1 Mem:9.71M (Peak 9.71M) | Time:00:00.19 | Mem:0.00M, Peak:0.00M | Scene, ViewLayer | Synchronizing object | Broad neutral key
Fra:1 Mem:9.71M (Peak 9.71M) | Time:00:00.19 | Mem:0.00M, Peak:0.00M | Scene, ViewLayer | Synchronizing object | Neutral fill
Fra:1 Mem:9.93M (Peak 9.93M) | Time:00:00.22 | Mem:0.00M, Peak:0.00M | Scene, ViewLayer | Synchronizing object | Continuous pressure fuselage
Fra:1 Mem:10.46M (Peak 10.46M) | Time:00:00.22 | Mem:0.00M, Peak:0.00M | Scene, ViewLayer | Synchronizing object | Port blended lifting body
Fra:1 Mem:10.70M (Peak 10.70M) | Time:00:00.25 | Mem:0.00M, Peak:0.00M | Scene, ViewLayer | Synchronizing object | Integrated nacelle shoulder
Fra:1 Mem:11.11M (Peak 11.11M) | Time:00:00.25 | Mem:0.00M, Peak:0.00M | Scene, ViewLayer | Synchronizing object | Starboard blended lifting body
Fra:1 Mem:11.35M (Peak 11.35M) | Time:00:00.28 | Mem:0.00M, Peak:0.00M | Scene, ViewLayer | Synchronizing object | Integrated nacelle shoulder.001
Fra:1 Mem:11.87M (Peak 11.87M) | Time:00:00.31 | Mem:0.00M, Peak:0.00M | Scene, ViewLayer | Synchronizing object | Cockpit integrated coaming
Fra:1 Mem:12.33M (Peak 12.33M) | Time:00:00.34 | Mem:0.00M, Peak:0.00M | Scene, ViewLayer | Synchronizing object | Pressure canopy glazing
Fra:1 Mem:12.65M (Peak 12.65M) | Time:00:00.34 | Mem:0.00M, Peak:0.00M | Scene, ViewLayer | Initializing
Fra:1 Mem:10.19M (Peak 12.65M) | Time:00:00.34 | Mem:0.00M, Peak:0.00M | Scene, ViewLayer | Waiting for render to start
Fra:1 Mem:10.19M (Peak 12.65M) | Time:00:00.34 | Mem:0.00M, Peak:0.00M | Scene, ViewLayer | Updating Scene
Fra:1 Mem:10.19M (Peak 12.65M) | Time:00:00.34 | Mem:0.00M, Peak:0.00M | Scene, ViewLayer | Updating Shaders
Fra:1 Mem:10.19M (Peak 12.65M) | Time:00:00.34 | Mem:0.00M, Peak:0.00M | Scene, ViewLayer | Loading render kernels (may take a few minutes the first time)
Fra:1 Mem:10.27M (Peak 37.56M) | Time:00:00.47 | Mem:0.01M, Peak:0.01M | Scene, ViewLayer | Updating Procedurals
Fra:1 Mem:10.27M (Peak 37.56M) | Time:00:00.47 | Mem:0.01M, Peak:0.01M | Scene, ViewLayer | Updating Background
Fra:1 Mem:10.27M (Peak 37.56M) | Time:00:00.47 | Mem:0.01M, Peak:0.01M | Scene, ViewLayer | Updating Camera
Fra:1 Mem:10.27M (Peak 37.56M) | Time:00:00.47 | Mem:0.01M, Peak:0.01M | Scene, ViewLayer | Updating Meshes Flags
Fra:1 Mem:10.27M (Peak 37.56M) | Time:00:00.47 | Mem:0.01M, Peak:0.01M | Scene, ViewLayer | Updating Objects
Fra:1 Mem:10.27M (Peak 37.56M) | Time:00:00.47 | Mem:0.01M, Peak:0.01M | Scene, ViewLayer | Updating Objects | Copying Transformations to device
Fra:1 Mem:10.28M (Peak 37.56M) | Time:00:00.47 | Mem:0.01M, Peak:0.01M | Scene, ViewLayer | Updating Particle Systems
Fra:1 Mem:10.28M (Peak 37.56M) | Time:00:00.47 | Mem:0.01M, Peak:0.01M | Scene, ViewLayer | Updating Particle Systems | Copying Particles to device
Fra:1 Mem:10.28M (Peak 37.56M) | Time:00:00.47 | Mem:0.01M, Peak:0.01M | Scene, ViewLayer | Updating Meshes
Fra:1 Mem:10.28M (Peak 37.56M) | Time:00:00.47 | Mem:0.01M, Peak:0.01M | Scene, ViewLayer | Updating Objects | Applying Static Transformations
Fra:1 Mem:10.28M (Peak 37.56M) | Time:00:00.47 | Mem:0.01M, Peak:0.01M | Scene, ViewLayer | Updating Mesh | Computing attributes
Fra:1 Mem:10.43M (Peak 37.56M) | Time:00:00.47 | Mem:0.01M, Peak:0.01M | Scene, ViewLayer | Updating Mesh | Copying Attributes to device
Fra:1 Mem:10.43M (Peak 37.56M) | Time:00:00.47 | Mem:0.16M, Peak:0.16M | Scene, ViewLayer | Updating Geometry BVH light 11/10 | Building BVH
Fra:1 Mem:10.43M (Peak 37.56M) | Time:00:00.47 | Mem:0.16M, Peak:0.16M | Scene, ViewLayer | Updating Geometry BVH Mesh 8/10 | Building BVH
Fra:1 Mem:10.43M (Peak 37.56M) | Time:00:00.47 | Mem:0.16M, Peak:0.16M | Scene, ViewLayer | Updating Geometry BVH Mesh 10/10 | Building BVH
Fra:1 Mem:10.43M (Peak 37.56M) | Time:00:00.47 | Mem:0.16M, Peak:0.16M | Scene, ViewLayer | Updating Geometry BVH Mesh 10/10 | Building OptiX acceleration structure
Fra:1 Mem:10.43M (Peak 37.56M) | Time:00:00.48 | Mem:0.82M, Peak:1.26M | Scene, ViewLayer | Updating Scene BVH | Building
Fra:1 Mem:10.43M (Peak 37.56M) | Time:00:00.48 | Mem:0.82M, Peak:1.26M | Scene, ViewLayer | Updating Scene BVH | Building OptiX acceleration structure
Fra:1 Mem:10.43M (Peak 37.56M) | Time:00:00.48 | Mem:0.82M, Peak:1.26M | Scene, ViewLayer | Updating Scene BVH | Copying BVH to device
Fra:1 Mem:10.43M (Peak 37.56M) | Time:00:00.48 | Mem:0.82M, Peak:1.26M | Scene, ViewLayer | Updating Mesh | Computing normals
Fra:1 Mem:11.14M (Peak 37.56M) | Time:00:00.48 | Mem:0.82M, Peak:1.26M | Scene, ViewLayer | Updating Mesh | Copying Mesh to device
Fra:1 Mem:11.14M (Peak 37.56M) | Time:00:00.48 | Mem:1.54M, Peak:1.54M | Scene, ViewLayer | Updating Objects Flags
Fra:1 Mem:11.14M (Peak 37.56M) | Time:00:00.48 | Mem:1.54M, Peak:1.54M | Scene, ViewLayer | Updating Primitive Offsets
Fra:1 Mem:11.14M (Peak 37.56M) | Time:00:00.48 | Mem:1.54M, Peak:1.54M | Scene, ViewLayer | Updating Images
Fra:1 Mem:11.14M (Peak 37.56M) | Time:00:00.48 | Mem:1.54M, Peak:1.54M | Scene, ViewLayer | Updating Camera Volume
Fra:1 Mem:11.14M (Peak 37.56M) | Time:00:00.48 | Mem:1.54M, Peak:1.54M | Scene, ViewLayer | Updating Lookup Tables
Fra:1 Mem:11.14M (Peak 37.56M) | Time:00:00.48 | Mem:1.62M, Peak:1.62M | Scene, ViewLayer | Updating Lights
Fra:1 Mem:11.14M (Peak 37.56M) | Time:00:00.48 | Mem:1.62M, Peak:1.62M | Scene, ViewLayer | Updating Lights | Computing tree
Fra:1 Mem:11.14M (Peak 37.56M) | Time:00:00.48 | Mem:1.62M, Peak:1.62M | Scene, ViewLayer | Updating Integrator
Fra:1 Mem:11.14M (Peak 37.56M) | Time:00:00.48 | Mem:1.62M, Peak:1.62M | Scene, ViewLayer | Updating Film
Fra:1 Mem:11.15M (Peak 37.56M) | Time:00:00.48 | Mem:1.54M, Peak:1.62M | Scene, ViewLayer | Updating Lookup Tables
Fra:1 Mem:11.15M (Peak 37.56M) | Time:00:00.48 | Mem:1.62M, Peak:1.62M | Scene, ViewLayer | Updating Baking
Fra:1 Mem:11.15M (Peak 37.56M) | Time:00:00.48 | Mem:1.62M, Peak:1.62M | Scene, ViewLayer | Updating Device | Writing constant memory
Fra:1 Mem:11.15M (Peak 37.56M) | Time:00:00.48 | Mem:1.62M, Peak:1.62M | Scene, ViewLayer | Loading denoising kernels (may take a few minutes the first time)
Fra:1 Mem:15.15M (Peak 37.56M) | Time:00:00.50 | Mem:353.63M, Peak:353.63M | Scene, ViewLayer | Sample 0/32
Fra:1 Mem:73.14M (Peak 73.14M) | Time:00:00.52 | Remaining:00:00.72 | Mem:411.61M, Peak:411.61M | Scene, ViewLayer | Sample 1/32
Fra:1 Mem:97.56M (Peak 134.18M) | Time:00:04.30 | Mem:411.61M, Peak:411.61M | Scene, ViewLayer | Sample 32/32
Fra:1 Mem:97.56M (Peak 134.18M) | Time:00:04.30 | Mem:411.61M, Peak:411.61M | Scene, ViewLayer | Finished
Saved: 'D:\vibe-coding-e\nova-swarm-forum-129-improvements-20260822\docs\ship-art-v2\studies\03-forward-sweep-clay.png'
Time: 00:04.63 (Saving: 00:00.24)

15:26:31 | INFO: Data are loaded, start creating Blender stuff
15:26:31 | INFO: Blender create Mesh node Deep structural fuselage
15:26:31 | INFO: glTF import finished in 0.52s
Fra:1 Mem:17.32M (Peak 17.32M) | Time:00:00.16 | Mem:0.00M, Peak:0.00M | Scene, ViewLayer | Synchronizing object | Broad neutral key
Fra:1 Mem:17.32M (Peak 17.32M) | Time:00:00.16 | Mem:0.00M, Peak:0.00M | Scene, ViewLayer | Synchronizing object | Neutral fill
Fra:1 Mem:17.32M (Peak 17.32M) | Time:00:00.38 | Mem:0.00M, Peak:0.00M | Scene, ViewLayer | Synchronizing object | SolidHull_01
Fra:1 Mem:24.28M (Peak 30.94M) | Time:00:00.81 | Mem:0.00M, Peak:0.00M | Scene, ViewLayer | Initializing
Fra:1 Mem:23.69M (Peak 30.94M) | Time:00:00.81 | Mem:0.00M, Peak:0.00M | Scene, ViewLayer | Waiting for render to start
Fra:1 Mem:23.69M (Peak 30.94M) | Time:00:00.81 | Mem:0.00M, Peak:0.00M | Scene, ViewLayer | Updating Scene
Fra:1 Mem:23.69M (Peak 30.94M) | Time:00:00.81 | Mem:0.00M, Peak:0.00M | Scene, ViewLayer | Updating Shaders
Fra:1 Mem:23.69M (Peak 30.94M) | Time:00:00.81 | Mem:0.00M, Peak:0.00M | Scene, ViewLayer | Loading render kernels (may take a few minutes the first time)
Fra:1 Mem:23.78M (Peak 51.07M) | Time:00:00.93 | Mem:0.01M, Peak:0.01M | Scene, ViewLayer | Updating Procedurals
Fra:1 Mem:23.78M (Peak 51.07M) | Time:00:00.93 | Mem:0.01M, Peak:0.01M | Scene, ViewLayer | Updating Background
Fra:1 Mem:23.78M (Peak 51.07M) | Time:00:00.93 | Mem:0.01M, Peak:0.01M | Scene, ViewLayer | Updating Camera
Fra:1 Mem:23.78M (Peak 51.07M) | Time:00:00.93 | Mem:0.01M, Peak:0.01M | Scene, ViewLayer | Updating Meshes Flags
Fra:1 Mem:23.78M (Peak 51.07M) | Time:00:00.93 | Mem:0.01M, Peak:0.01M | Scene, ViewLayer | Updating Objects
Fra:1 Mem:23.78M (Peak 51.07M) | Time:00:00.93 | Mem:0.01M, Peak:0.01M | Scene, ViewLayer | Updating Objects | Copying Transformations to device
Fra:1 Mem:23.78M (Peak 51.07M) | Time:00:00.93 | Mem:0.01M, Peak:0.01M | Scene, ViewLayer | Updating Particle Systems
Fra:1 Mem:23.78M (Peak 51.07M) | Time:00:00.93 | Mem:0.01M, Peak:0.01M | Scene, ViewLayer | Updating Particle Systems | Copying Particles to device
Fra:1 Mem:23.78M (Peak 51.07M) | Time:00:00.93 | Mem:0.01M, Peak:0.01M | Scene, ViewLayer | Updating Meshes
Fra:1 Mem:23.78M (Peak 51.07M) | Time:00:00.93 | Mem:0.01M, Peak:0.01M | Scene, ViewLayer | Updating Objects | Applying Static Transformations
Fra:1 Mem:23.78M (Peak 51.07M) | Time:00:00.93 | Mem:0.01M, Peak:0.01M | Scene, ViewLayer | Updating Mesh | Computing attributes
Fra:1 Mem:24.46M (Peak 51.07M) | Time:00:00.93 | Mem:0.01M, Peak:0.01M | Scene, ViewLayer | Updating Mesh | Copying Attributes to device
Fra:1 Mem:24.46M (Peak 51.07M) | Time:00:00.93 | Mem:0.69M, Peak:0.69M | Scene, ViewLayer | Updating Geometry BVH light 5/4 | Building BVH
Fra:1 Mem:24.46M (Peak 51.07M) | Time:00:00.93 | Mem:0.69M, Peak:0.69M | Scene, ViewLayer | Updating Geometry BVH light 5/4 | Building OptiX acceleration structure
Fra:1 Mem:24.46M (Peak 51.07M) | Time:00:00.93 | Mem:0.69M, Peak:0.69M | Scene, ViewLayer | Updating Geometry BVH Neutral fill 3/4 | Building BVH
Fra:1 Mem:24.46M (Peak 51.07M) | Time:00:00.93 | Mem:0.69M, Peak:0.69M | Scene, ViewLayer | Updating Geometry BVH Neutral fill 3/4 | Building OptiX acceleration structure
Fra:1 Mem:24.46M (Peak 51.07M) | Time:00:00.93 | Mem:0.69M, Peak:0.69M | Scene, ViewLayer | Updating Geometry BVH Deep structural fuselage 4/4 | Building BVH
Fra:1 Mem:24.46M (Peak 51.07M) | Time:00:00.93 | Mem:0.69M, Peak:0.69M | Scene, ViewLayer | Updating Geometry BVH Deep structural fuselage 4/4 | Building OptiX acceleration structure
Fra:1 Mem:24.46M (Peak 51.07M) | Time:00:00.94 | Mem:1.98M, Peak:6.28M | Scene, ViewLayer | Updating Scene BVH | Building
Fra:1 Mem:24.46M (Peak 51.07M) | Time:00:00.94 | Mem:1.98M, Peak:6.28M | Scene, ViewLayer | Updating Scene BVH | Building OptiX acceleration structure
Fra:1 Mem:24.46M (Peak 51.07M) | Time:00:00.94 | Mem:1.98M, Peak:6.28M | Scene, ViewLayer | Updating Scene BVH | Copying BVH to device
Fra:1 Mem:24.46M (Peak 51.07M) | Time:00:00.94 | Mem:1.98M, Peak:6.28M | Scene, ViewLayer | Updating Mesh | Computing normals
Fra:1 Mem:26.62M (Peak 51.07M) | Time:00:00.94 | Mem:1.98M, Peak:6.28M | Scene, ViewLayer | Updating Mesh | Copying Mesh to device
Fra:1 Mem:26.62M (Peak 51.07M) | Time:00:00.94 | Mem:4.14M, Peak:6.28M | Scene, ViewLayer | Updating Objects Flags
Fra:1 Mem:26.62M (Peak 51.07M) | Time:00:00.94 | Mem:4.14M, Peak:6.28M | Scene, ViewLayer | Updating Primitive Offsets
Fra:1 Mem:26.62M (Peak 51.07M) | Time:00:00.94 | Mem:4.14M, Peak:6.28M | Scene, ViewLayer | Updating Images
Fra:1 Mem:26.62M (Peak 51.07M) | Time:00:00.94 | Mem:4.14M, Peak:6.28M | Scene, ViewLayer | Updating Camera Volume
Fra:1 Mem:26.62M (Peak 51.07M) | Time:00:00.94 | Mem:4.14M, Peak:6.28M | Scene, ViewLayer | Updating Lookup Tables
Fra:1 Mem:26.62M (Peak 51.07M) | Time:00:00.94 | Mem:4.22M, Peak:6.28M | Scene, ViewLayer | Updating Lights
Fra:1 Mem:26.62M (Peak 51.07M) | Time:00:00.94 | Mem:4.22M, Peak:6.28M | Scene, ViewLayer | Updating Lights | Computing tree
Fra:1 Mem:26.62M (Peak 51.07M) | Time:00:00.94 | Mem:4.22M, Peak:6.28M | Scene, ViewLayer | Updating Integrator
Fra:1 Mem:26.62M (Peak 51.07M) | Time:00:00.94 | Mem:4.22M, Peak:6.28M | Scene, ViewLayer | Updating Film
Fra:1 Mem:26.62M (Peak 51.07M) | Time:00:00.94 | Mem:4.14M, Peak:6.28M | Scene, ViewLayer | Updating Lookup Tables
Fra:1 Mem:26.62M (Peak 51.07M) | Time:00:00.94 | Mem:4.22M, Peak:6.28M | Scene, ViewLayer | Updating Baking
Fra:1 Mem:26.62M (Peak 51.07M) | Time:00:00.94 | Mem:4.22M, Peak:6.28M | Scene, ViewLayer | Updating Device | Writing constant memory
Fra:1 Mem:26.63M (Peak 51.07M) | Time:00:00.94 | Mem:4.22M, Peak:6.28M | Scene, ViewLayer | Loading denoising kernels (may take a few minutes the first time)
Fra:1 Mem:30.63M (Peak 51.07M) | Time:00:00.96 | Mem:356.22M, Peak:356.22M | Scene, ViewLayer | Sample 0/32
Fra:1 Mem:88.62M (Peak 88.62M) | Time:00:00.99 | Remaining:00:00.74 | Mem:414.21M, Peak:414.21M | Scene, ViewLayer | Sample 1/32
Fra:1 Mem:113.04M (Peak 149.66M) | Time:00:04.63 | Mem:414.21M, Peak:414.21M | Scene, ViewLayer | Sample 32/32
Fra:1 Mem:113.04M (Peak 149.66M) | Time:00:04.63 | Mem:414.21M, Peak:414.21M | Scene, ViewLayer | Finished
Saved: 'D:\vibe-coding-e\nova-swarm-forum-129-improvements-20260822\docs\ship-art-v2\renders\before-clay.png'
Time: 00:05.00 (Saving: 00:00.26)


Blender quit
