Steam Console Client (c) Valve Corporation - version 1782532820
-- type 'quit' to exit --
Loading Steam API...OK
Logging in using cached credentials.
Logging in user 'gaunziman' [U:1:993727780] to Steam Public...OK
Waiting for client config...OK
Waiting for user info...OK
[2026-07-15 01:36:37]: Starting AppID 4765070 build (flags 0x0).
[2026-07-15 01:36:37]: Building depot 4765071...

Building file mapping...
Scanning content
............ 105.7MB (11%)
............. 211.8MB (22%)
............. 320.2MB (33%)
............ 422.3MB (44%)
............. 529.7MB (55%)
............ 635.8MB (66%)
............. 741.2MB (77%)
............ 841.5MB (88%)
............. 948.3MB (99%)
Uploading content...
 1.6MB (14%)
 3.7MB (34%)
 5.8MB (53%)
 7.5MB (70%)
. 10.7MB (100%)

[2026-07-15 01:37:34]: Successfully finished AppID 4765070 build (BuildID 24210682).
Unloading Steam API...OK
